Archive member included to satisfy reference by file (symbol)

/Applications/ARM/bin/../lib/gcc/arm-none-eabi/11.2.1/../../../../arm-none-eabi/lib/thumb/v7e-m+fp/hard/libc_nano.a(lib_a-exit.o)
                              /Applications/ARM/bin/../lib/gcc/arm-none-eabi/11.2.1/../../../../arm-none-eabi/lib/thumb/v7e-m+fp/hard/crt0.o (exit)
/Applications/ARM/bin/../lib/gcc/arm-none-eabi/11.2.1/../../../../arm-none-eabi/lib/thumb/v7e-m+fp/hard/libc_nano.a(lib_a-impure.o)
                              /Applications/ARM/bin/../lib/gcc/arm-none-eabi/11.2.1/../../../../arm-none-eabi/lib/thumb/v7e-m+fp/hard/libc_nano.a(lib_a-exit.o) (_global_impure_ptr)
/Applications/ARM/bin/../lib/gcc/arm-none-eabi/11.2.1/../../../../arm-none-eabi/lib/thumb/v7e-m+fp/hard/libc_nano.a(lib_a-init.o)
                              /Applications/ARM/bin/../lib/gcc/arm-none-eabi/11.2.1/../../../../arm-none-eabi/lib/thumb/v7e-m+fp/hard/crt0.o (__libc_init_array)
/Applications/ARM/bin/../lib/gcc/arm-none-eabi/11.2.1/../../../../arm-none-eabi/lib/thumb/v7e-m+fp/hard/libc_nano.a(lib_a-memset.o)
                              /Applications/ARM/bin/../lib/gcc/arm-none-eabi/11.2.1/../../../../arm-none-eabi/lib/thumb/v7e-m+fp/hard/crt0.o (memset)
/Applications/ARM/bin/../lib/gcc/arm-none-eabi/11.2.1/../../../../arm-none-eabi/lib/thumb/v7e-m+fp/hard/libnosys.a(_exit.o)
                              /Applications/ARM/bin/../lib/gcc/arm-none-eabi/11.2.1/../../../../arm-none-eabi/lib/thumb/v7e-m+fp/hard/libc_nano.a(lib_a-exit.o) (_exit)
/Applications/ARM/bin/../lib/gcc/arm-none-eabi/11.2.1/thumb/v7e-m+fp/hard/libgcc.a(_aeabi_uldivmod.o)
                              build/stm32f4xx_hal_rcc.o (__aeabi_uldivmod)
/Applications/ARM/bin/../lib/gcc/arm-none-eabi/11.2.1/thumb/v7e-m+fp/hard/libgcc.a(_udivmoddi4.o)
                              /Applications/ARM/bin/../lib/gcc/arm-none-eabi/11.2.1/thumb/v7e-m+fp/hard/libgcc.a(_aeabi_uldivmod.o) (__udivmoddi4)
/Applications/ARM/bin/../lib/gcc/arm-none-eabi/11.2.1/thumb/v7e-m+fp/hard/libgcc.a(_dvmd_tls.o)
                              /Applications/ARM/bin/../lib/gcc/arm-none-eabi/11.2.1/thumb/v7e-m+fp/hard/libgcc.a(_aeabi_uldivmod.o) (__aeabi_ldiv0)

Discarded input sections

 .text          0x0000000000000000        0x0 /Applications/ARM/bin/../lib/gcc/arm-none-eabi/11.2.1/thumb/v7e-m+fp/hard/crti.o
 .data          0x0000000000000000        0x0 /Applications/ARM/bin/../lib/gcc/arm-none-eabi/11.2.1/thumb/v7e-m+fp/hard/crti.o
 .bss           0x0000000000000000        0x0 /Applications/ARM/bin/../lib/gcc/arm-none-eabi/11.2.1/thumb/v7e-m+fp/hard/crti.o
 .text          0x0000000000000000        0x0 /Applications/ARM/bin/../lib/gcc/arm-none-eabi/11.2.1/thumb/v7e-m+fp/hard/crtbegin.o
 .data          0x0000000000000000        0x0 /Applications/ARM/bin/../lib/gcc/arm-none-eabi/11.2.1/thumb/v7e-m+fp/hard/crtbegin.o
 .bss           0x0000000000000000        0x0 /Applications/ARM/bin/../lib/gcc/arm-none-eabi/11.2.1/thumb/v7e-m+fp/hard/crtbegin.o
 .rodata.all_implied_fbits
                0x0000000000000000       0x24 /Applications/ARM/bin/../lib/gcc/arm-none-eabi/11.2.1/thumb/v7e-m+fp/hard/crtbegin.o
 .data.__dso_handle
                0x0000000000000000        0x4 /Applications/ARM/bin/../lib/gcc/arm-none-eabi/11.2.1/thumb/v7e-m+fp/hard/crtbegin.o
 .text          0x0000000000000000       0x7c /Applications/ARM/bin/../lib/gcc/arm-none-eabi/11.2.1/../../../../arm-none-eabi/lib/thumb/v7e-m+fp/hard/crt0.o
 .data          0x0000000000000000        0x0 /Applications/ARM/bin/../lib/gcc/arm-none-eabi/11.2.1/../../../../arm-none-eabi/lib/thumb/v7e-m+fp/hard/crt0.o
 .bss           0x0000000000000000        0x0 /Applications/ARM/bin/../lib/gcc/arm-none-eabi/11.2.1/../../../../arm-none-eabi/lib/thumb/v7e-m+fp/hard/crt0.o
 .ARM.extab     0x0000000000000000        0x0 /Applications/ARM/bin/../lib/gcc/arm-none-eabi/11.2.1/../../../../arm-none-eabi/lib/thumb/v7e-m+fp/hard/crt0.o
 .ARM.exidx     0x0000000000000000       0x10 /Applications/ARM/bin/../lib/gcc/arm-none-eabi/11.2.1/../../../../arm-none-eabi/lib/thumb/v7e-m+fp/hard/crt0.o
 .debug_line    0x0000000000000000       0x76 /Applications/ARM/bin/../lib/gcc/arm-none-eabi/11.2.1/../../../../arm-none-eabi/lib/thumb/v7e-m+fp/hard/crt0.o
 .debug_line_str
                0x0000000000000000       0xb6 /Applications/ARM/bin/../lib/gcc/arm-none-eabi/11.2.1/../../../../arm-none-eabi/lib/thumb/v7e-m+fp/hard/crt0.o
 .debug_info    0x0000000000000000       0x24 /Applications/ARM/bin/../lib/gcc/arm-none-eabi/11.2.1/../../../../arm-none-eabi/lib/thumb/v7e-m+fp/hard/crt0.o
 .debug_abbrev  0x0000000000000000       0x14 /Applications/ARM/bin/../lib/gcc/arm-none-eabi/11.2.1/../../../../arm-none-eabi/lib/thumb/v7e-m+fp/hard/crt0.o
 .debug_aranges
                0x0000000000000000       0x20 /Applications/ARM/bin/../lib/gcc/arm-none-eabi/11.2.1/../../../../arm-none-eabi/lib/thumb/v7e-m+fp/hard/crt0.o
[...]
Memory Configuration

Name             Origin             Length             Attributes
RAM              0x0000000020000000 0x0000000000010000 xrw
FLASH            0x0000000008000000 0x0000000000040000 xr
*default*        0x0000000000000000 0xffffffffffffffff

Linker script and memory map

LOAD /Applications/ARM/bin/../lib/gcc/arm-none-eabi/11.2.1/thumb/v7e-m+fp/hard/crti.o
LOAD /Applications/ARM/bin/../lib/gcc/arm-none-eabi/11.2.1/thumb/v7e-m+fp/hard/crtbegin.o
LOAD /Applications/ARM/bin/../lib/gcc/arm-none-eabi/11.2.1/../../../../arm-none-eabi/lib/thumb/v7e-m+fp/hard/crt0.o
LOAD build/main.o
LOAD build/sys_config.o
LOAD build/serial.o
LOAD build/stm32f4xx_it.o
LOAD build/stm32f4xx_hal_msp.o
LOAD build/usb_device.o
LOAD build/usbd_desc.o
LOAD build/usbd_cdc_if.o
LOAD build/usbd_conf.o
LOAD build/stm32f4xx_hal_pcd.o
LOAD build/stm32f4xx_hal_pcd_ex.o
LOAD build/stm32f4xx_ll_usb.o
LOAD build/stm32f4xx_hal_rcc.o
LOAD build/stm32f4xx_hal_rcc_ex.o
LOAD build/stm32f4xx_hal_flash.o
LOAD build/stm32f4xx_hal_flash_ex.o
LOAD build/stm32f4xx_hal_flash_ramfunc.o
LOAD build/stm32f4xx_hal_gpio.o
LOAD build/stm32f4xx_hal_dma_ex.o
LOAD build/stm32f4xx_hal_dma.o
LOAD build/stm32f4xx_hal_pwr.o
LOAD build/stm32f4xx_hal_pwr_ex.o
LOAD build/stm32f4xx_hal_cortex.o
LOAD build/stm32f4xx_hal.o
LOAD build/stm32f4xx_hal_exti.o
LOAD build/stm32f4xx_hal_tim.o
LOAD build/stm32f4xx_hal_tim_ex.o
LOAD build/system_stm32f4xx.o
LOAD build/usbd_core.o
LOAD build/usbd_ctlreq.o
LOAD build/usbd_ioreq.o
LOAD build/usbd_cdc.o
LOAD build/startup_stm32f401xc.o
LOAD /Applications/ARM/bin/../lib/gcc/arm-none-eabi/11.2.1/../../../../arm-none-eabi/lib/thumb/v7e-m+fp/hard/libc_nano.a
LOAD /Applications/ARM/bin/../lib/gcc/arm-none-eabi/11.2.1/../../../../arm-none-eabi/lib/thumb/v7e-m+fp/hard/libm.a
LOAD /Applications/ARM/bin/../lib/gcc/arm-none-eabi/11.2.1/../../../../arm-none-eabi/lib/thumb/v7e-m+fp/hard/libnosys.a
START GROUP
LOAD /Applications/ARM/bin/../lib/gcc/arm-none-eabi/11.2.1/thumb/v7e-m+fp/hard/libgcc.a
LOAD /Applications/ARM/bin/../lib/gcc/arm-none-eabi/11.2.1/../../../../arm-none-eabi/lib/thumb/v7e-m+fp/hard/libc_nano.a
END GROUP
START GROUP
LOAD /Applications/ARM/bin/../lib/gcc/arm-none-eabi/11.2.1/thumb/v7e-m+fp/hard/libgcc.a
LOAD /Applications/ARM/bin/../lib/gcc/arm-none-eabi/11.2.1/../../../../arm-none-eabi/lib/thumb/v7e-m+fp/hard/libc_nano.a
END GROUP
LOAD /Applications/ARM/bin/../lib/gcc/arm-none-eabi/11.2.1/thumb/v7e-m+fp/hard/crtend.o
LOAD /Applications/ARM/bin/../lib/gcc/arm-none-eabi/11.2.1/thumb/v7e-m+fp/hard/crtn.o
                0x0000000020010000                _estack = (ORIGIN (RAM) + LENGTH (RAM))
                0x0000000000000600                _Min_Heap_Size = 0x600
                0x0000000000000600                _Min_Stack_Size = 0x600

.isr_vector     0x0000000008000000      0x194
                0x0000000008000000                . = ALIGN (0x4)
 *(.isr_vector)
 .isr_vector    0x0000000008000000      0x194 build/startup_stm32f401xc.o
                0x0000000008000000                g_pfnVectors
                0x0000000008000194                . = ALIGN (0x4)

.text           0x0000000008000194     0x3eb0
                0x0000000008000194                . = ALIGN (0x4)
 *(.text)
 .text          0x0000000008000194       0x30 /Applications/ARM/bin/../lib/gcc/arm-none-eabi/11.2.1/thumb/v7e-m+fp/hard/libgcc.a(_aeabi_uldivmod.o)
                0x0000000008000194                __aeabi_uldivmod
 .text          0x00000000080001c4        0x4 /Applications/ARM/bin/../lib/gcc/arm-none-eabi/11.2.1/thumb/v7e-m+fp/hard/libgcc.a(_dvmd_tls.o)
                0x00000000080001c4                __aeabi_ldiv0
                0x00000000080001c4                __aeabi_idiv0
 *(.text*)
 .text.deregister_tm_clones
                0x00000000080001c8       0x1c /Applications/ARM/bin/../lib/gcc/arm-none-eabi/11.2.1/thumb/v7e-m+fp/hard/crtbegin.o
 .text.register_tm_clones
                0x00000000080001e4       0x24 /Applications/ARM/bin/../lib/gcc/arm-none-eabi/11.2.1/thumb/v7e-m+fp/hard/crtbegin.o
 .text.__do_global_dtors_aux
                0x0000000008000208       0x28 /Applications/ARM/bin/../lib/gcc/arm-none-eabi/11.2.1/thumb/v7e-m+fp/hard/crtbegin.o
 .text.frame_dummy
                0x0000000008000230       0x24 /Applications/ARM/bin/../lib/gcc/arm-none-eabi/11.2.1/thumb/v7e-m+fp/hard/crtbegin.o
 .text.MX_GPIO_Init
                0x0000000008000254       0x84 build/main.o
 .text.main     0x00000000080002d8       0x34 build/main.o
                0x00000000080002d8                main
 .text.Error_Handler
                0x000000000800030c        0x4 build/sys_config.o
                0x000000000800030c                Error_Handler
 .text.SystemClock_Config
                0x0000000008000310       0xac build/sys_config.o
                0x0000000008000310                SystemClock_Config
 .text.DrunkSerialWrite
                0x00000000080003bc       0x14 build/serial.o
                0x00000000080003bc                DrunkSerialWrite
 .text.DrunkSerialInterrupt
                0x00000000080003d0        0xc build/serial.o
                0x00000000080003d0                DrunkSerialInterrupt
 .text.DrunkSerialRead
                0x00000000080003dc       0x18 build/serial.o
                0x00000000080003dc                DrunkSerialRead
 .text.NMI_Handler
                0x00000000080003f4        0x2 build/stm32f4xx_it.o
                0x00000000080003f4                NMI_Handler
 .text.HardFault_Handler
                0x00000000080003f6        0x2 build/stm32f4xx_it.o
                0x00000000080003f6                HardFault_Handler
 .text.MemManage_Handler
                0x00000000080003f8        0x2 build/stm32f4xx_it.o
                0x00000000080003f8                MemManage_Handler
 .text.BusFault_Handler
                0x00000000080003fa        0x2 build/stm32f4xx_it.o
                0x00000000080003fa                BusFault_Handler
 .text.UsageFault_Handler
                0x00000000080003fc        0x2 build/stm32f4xx_it.o
                0x00000000080003fc                UsageFault_Handler
 .text.SVC_Handler
                0x00000000080003fe        0x2 build/stm32f4xx_it.o
                0x00000000080003fe                SVC_Handler
 .text.DebugMon_Handler
                0x0000000008000400        0x2 build/stm32f4xx_it.o
                0x0000000008000400                DebugMon_Handler
 .text.PendSV_Handler
                0x0000000008000402        0x2 build/stm32f4xx_it.o
                0x0000000008000402                PendSV_Handler
 .text.SysTick_Handler
                0x0000000008000404        0x8 build/stm32f4xx_it.o
                0x0000000008000404                SysTick_Handler
 .text.OTG_FS_IRQHandler
                0x000000000800040c       0x10 build/stm32f4xx_it.o
                0x000000000800040c                OTG_FS_IRQHandler
 .text.HAL_MspInit
                0x000000000800041c       0x38 build/stm32f4xx_hal_msp.o
                0x000000000800041c                HAL_MspInit
 .text.MX_USB_DEVICE_Init
                0x0000000008000454       0x54 build/usb_device.o
                0x0000000008000454                MX_USB_DEVICE_Init
 .text.USBD_FS_DeviceDescriptor
                0x00000000080004a8        0xc build/usbd_desc.o
                0x00000000080004a8                USBD_FS_DeviceDescriptor
 .text.USBD_FS_LangIDStrDescriptor
                0x00000000080004b4        0xc build/usbd_desc.o
                0x00000000080004b4                USBD_FS_LangIDStrDescriptor
 .text.IntToUnicode
                0x00000000080004c0       0x46 build/usbd_desc.o
 *fill*         0x0000000008000506        0x2 
 .text.Get_SerialNum
                0x0000000008000508       0x38 build/usbd_desc.o
 .text.USBD_FS_SerialStrDescriptor
                0x0000000008000540       0x14 build/usbd_desc.o
                0x0000000008000540                USBD_FS_SerialStrDescriptor
 .text.USBD_FS_ProductStrDescriptor
                0x0000000008000554       0x24 build/usbd_desc.o
                0x0000000008000554                USBD_FS_ProductStrDescriptor
 .text.USBD_FS_ManufacturerStrDescriptor
                0x0000000008000578       0x1c build/usbd_desc.o
                0x0000000008000578                USBD_FS_ManufacturerStrDescriptor
 .text.USBD_FS_ConfigStrDescriptor
                0x0000000008000594       0x24 build/usbd_desc.o
                0x0000000008000594                USBD_FS_ConfigStrDescriptor
 .text.USBD_FS_InterfaceStrDescriptor
                0x00000000080005b8       0x24 build/usbd_desc.o
                0x00000000080005b8                USBD_FS_InterfaceStrDescriptor
 .text.CDC_DeInit_FS
                0x00000000080005dc        0x4 build/usbd_cdc_if.o
 .text.CDC_Control_FS
                0x00000000080005e0        0x4 build/usbd_cdc_if.o
 .text.CDC_TransmitCplt_FS
                0x00000000080005e4        0x4 build/usbd_cdc_if.o
 .text.CDC_Receive_FS
                0x00000000080005e8       0x2c build/usbd_cdc_if.o
 .text.CDC_Init_FS
                0x0000000008000614       0x28 build/usbd_cdc_if.o
 .text.CDC_Transmit_FS
                0x000000000800063c       0x2c build/usbd_cdc_if.o
                0x000000000800063c                CDC_Transmit_FS
 .text.HAL_PCD_MspInit
                0x0000000008000668       0x84 build/usbd_conf.o
                0x0000000008000668                HAL_PCD_MspInit
 .text.HAL_PCD_SetupStageCallback
                0x00000000080006ec       0x10 build/usbd_conf.o
                0x00000000080006ec                HAL_PCD_SetupStageCallback
 .text.HAL_PCD_DataOutStageCallback
                0x00000000080006fc       0x18 build/usbd_conf.o
                0x00000000080006fc                HAL_PCD_DataOutStageCallback
 .text.HAL_PCD_DataInStageCallback
                0x0000000008000714       0x16 build/usbd_conf.o
                0x0000000008000714                HAL_PCD_DataInStageCallback
 .text.HAL_PCD_SOFCallback
                0x000000000800072a        0xc build/usbd_conf.o
                0x000000000800072a                HAL_PCD_SOFCallback
 .text.HAL_PCD_ResetCallback
                0x0000000008000736       0x24 build/usbd_conf.o
                0x0000000008000736                HAL_PCD_ResetCallback
 *fill*         0x000000000800075a        0x2 
 .text.HAL_PCD_SuspendCallback
                0x000000000800075c       0x30 build/usbd_conf.o
                0x000000000800075c                HAL_PCD_SuspendCallback
 .text.HAL_PCD_ResumeCallback
                0x000000000800078c        0xc build/usbd_conf.o
                0x000000000800078c                HAL_PCD_ResumeCallback
 .text.HAL_PCD_ISOOUTIncompleteCallback
                0x0000000008000798        0xc build/usbd_conf.o
                0x0000000008000798                HAL_PCD_ISOOUTIncompleteCallback
 .text.HAL_PCD_ISOINIncompleteCallback
                0x00000000080007a4        0xc build/usbd_conf.o
                0x00000000080007a4                HAL_PCD_ISOINIncompleteCallback
 .text.HAL_PCD_ConnectCallback
                0x00000000080007b0        0xc build/usbd_conf.o
                0x00000000080007b0                HAL_PCD_ConnectCallback
 .text.HAL_PCD_DisconnectCallback
                0x00000000080007bc        0xc build/usbd_conf.o
                0x00000000080007bc                HAL_PCD_DisconnectCallback
 .text.USBD_LL_Init
                0x00000000080007c8       0x68 build/usbd_conf.o
                0x00000000080007c8                USBD_LL_Init
 .text.USBD_LL_IsStallEP
                0x0000000008000830       0x2e build/usbd_conf.o
                0x0000000008000830                USBD_LL_IsStallEP
 .text.USBD_LL_GetRxDataSize
                0x000000000800085e        0xc build/usbd_conf.o
                0x000000000800085e                USBD_LL_GetRxDataSize
 *fill*         0x000000000800086a        0x2 
 .text.USBD_static_malloc
                0x000000000800086c        0x8 build/usbd_conf.o
                0x000000000800086c                USBD_static_malloc
 .text.USBD_static_free
                0x0000000008000874        0x2 build/usbd_conf.o
                0x0000000008000874                USBD_static_free
 .text.USBD_Get_USB_Status
                0x0000000008000876       0x14 build/usbd_conf.o
                0x0000000008000876                USBD_Get_USB_Status
 .text.USBD_LL_Start
                0x000000000800088a       0x10 build/usbd_conf.o
                0x000000000800088a                USBD_LL_Start
 .text.USBD_LL_OpenEP
                0x000000000800089a       0x16 build/usbd_conf.o
                0x000000000800089a                USBD_LL_OpenEP
 .text.USBD_LL_CloseEP
                0x00000000080008b0       0x10 build/usbd_conf.o
                0x00000000080008b0                USBD_LL_CloseEP
 .text.USBD_LL_StallEP
                0x00000000080008c0       0x10 build/usbd_conf.o
                0x00000000080008c0                USBD_LL_StallEP
 .text.USBD_LL_ClearStallEP
                0x00000000080008d0       0x10 build/usbd_conf.o
                0x00000000080008d0                USBD_LL_ClearStallEP
 .text.USBD_LL_SetUSBAddress
                0x00000000080008e0       0x10 build/usbd_conf.o
                0x00000000080008e0                USBD_LL_SetUSBAddress
 .text.USBD_LL_Transmit
                0x00000000080008f0       0x10 build/usbd_conf.o
                0x00000000080008f0                USBD_LL_Transmit
 .text.USBD_LL_PrepareReceive
                0x0000000008000900       0x10 build/usbd_conf.o
                0x0000000008000900                USBD_LL_PrepareReceive
 .text.PCD_WriteEmptyTxFifo
                0x0000000008000910       0xd0 build/stm32f4xx_hal_pcd.o
 .text.HAL_PCD_Init
                0x00000000080009e0      0x12e build/stm32f4xx_hal_pcd.o
                0x00000000080009e0                HAL_PCD_Init
 .text.HAL_PCD_Start
                0x0000000008000b0e       0x42 build/stm32f4xx_hal_pcd.o
                0x0000000008000b0e                HAL_PCD_Start
 .text.PCD_EP_OutXfrComplete_int
                0x0000000008000b50      0x104 build/stm32f4xx_hal_pcd.o
 .text.PCD_EP_OutSetupPacket_int
                0x0000000008000c54       0x50 build/stm32f4xx_hal_pcd.o
 .text.HAL_PCD_SetAddress
                0x0000000008000ca4       0x28 build/stm32f4xx_hal_pcd.o
                0x0000000008000ca4                HAL_PCD_SetAddress
 .text.HAL_PCD_EP_Open
                0x0000000008000ccc       0x8a build/stm32f4xx_hal_pcd.o
                0x0000000008000ccc                HAL_PCD_EP_Open
 .text.HAL_PCD_EP_Close
                0x0000000008000d56       0x72 build/stm32f4xx_hal_pcd.o
                0x0000000008000d56                HAL_PCD_EP_Close
 .text.HAL_PCD_EP_Receive
                0x0000000008000dc8       0x5e build/stm32f4xx_hal_pcd.o
                0x0000000008000dc8                HAL_PCD_EP_Receive
 .text.HAL_PCD_EP_GetRxCount
                0x0000000008000e26       0x12 build/stm32f4xx_hal_pcd.o
                0x0000000008000e26                HAL_PCD_EP_GetRxCount
 .text.HAL_PCD_EP_Transmit
                0x0000000008000e38       0x5e build/stm32f4xx_hal_pcd.o
                0x0000000008000e38                HAL_PCD_EP_Transmit
 .text.HAL_PCD_EP_SetStall
                0x0000000008000e96       0x88 build/stm32f4xx_hal_pcd.o
                0x0000000008000e96                HAL_PCD_EP_SetStall
 .text.HAL_PCD_EP_ClrStall
                0x0000000008000f1e       0x76 build/stm32f4xx_hal_pcd.o
                0x0000000008000f1e                HAL_PCD_EP_ClrStall
 .text.HAL_PCD_EP_Abort
                0x0000000008000f94       0x34 build/stm32f4xx_hal_pcd.o
                0x0000000008000f94                HAL_PCD_EP_Abort
 .text.HAL_PCD_IRQHandler
                0x0000000008000fc8      0x5c4 build/stm32f4xx_hal_pcd.o
                0x0000000008000fc8                HAL_PCD_IRQHandler
 .text.HAL_PCDEx_SetTxFiFo
                0x000000000800158c       0x4c build/stm32f4xx_hal_pcd_ex.o
                0x000000000800158c                HAL_PCDEx_SetTxFiFo
 .text.HAL_PCDEx_SetRxFiFo
                0x00000000080015d8        0x8 build/stm32f4xx_hal_pcd_ex.o
                0x00000000080015d8                HAL_PCDEx_SetRxFiFo
 .text.HAL_PCDEx_LPM_Callback
                0x00000000080015e0        0x2 build/stm32f4xx_hal_pcd_ex.o
                0x00000000080015e0                HAL_PCDEx_LPM_Callback
 *fill*         0x00000000080015e2        0x2 
 .text.USB_CoreReset
                0x00000000080015e4       0x50 build/stm32f4xx_ll_usb.o
 .text.USB_CoreInit
                0x0000000008001634       0x8a build/stm32f4xx_ll_usb.o
                0x0000000008001634                USB_CoreInit
 *fill*         0x00000000080016be        0x2 
 .text.USB_SetTurnaroundTime
                0x00000000080016c0       0xe4 build/stm32f4xx_ll_usb.o
                0x00000000080016c0                USB_SetTurnaroundTime
 .text.USB_EnableGlobalInt
                0x00000000080017a4        0xc build/stm32f4xx_ll_usb.o
                0x00000000080017a4                USB_EnableGlobalInt
 .text.USB_DisableGlobalInt
                0x00000000080017b0        0xc build/stm32f4xx_ll_usb.o
                0x00000000080017b0                USB_DisableGlobalInt
 .text.USB_FlushTxFifo
                0x00000000080017bc       0x50 build/stm32f4xx_ll_usb.o
                0x00000000080017bc                USB_FlushTxFifo
 .text.USB_FlushRxFifo
                0x000000000800180c       0x4c build/stm32f4xx_ll_usb.o
                0x000000000800180c                USB_FlushRxFifo
 .text.USB_SetDevSpeed
                0x0000000008001858        0xe build/stm32f4xx_ll_usb.o
                0x0000000008001858                USB_SetDevSpeed
 *fill*         0x0000000008001866        0x2 
 .text.USB_DevInit
                0x0000000008001868      0x190 build/stm32f4xx_ll_usb.o
                0x0000000008001868                USB_DevInit
 .text.USB_GetDevSpeed
                0x00000000080019f8       0x22 build/stm32f4xx_ll_usb.o
                0x00000000080019f8                USB_GetDevSpeed
 .text.USB_ActivateEndpoint
                0x0000000008001a1a       0x9a build/stm32f4xx_ll_usb.o
                0x0000000008001a1a                USB_ActivateEndpoint
 .text.USB_DeactivateEndpoint
                0x0000000008001ab4       0xe0 build/stm32f4xx_ll_usb.o
                0x0000000008001ab4                USB_DeactivateEndpoint
 .text.USB_EP0StartXfer
                0x0000000008001b94      0x124 build/stm32f4xx_ll_usb.o
                0x0000000008001b94                USB_EP0StartXfer
 .text.USB_EPStopXfer
                0x0000000008001cb8       0xbe build/stm32f4xx_ll_usb.o
                0x0000000008001cb8                USB_EPStopXfer
 .text.USB_WritePacket
                0x0000000008001d76       0x2e build/stm32f4xx_ll_usb.o
                0x0000000008001d76                USB_WritePacket
 .text.USB_EPStartXfer
                0x0000000008001da4      0x234 build/stm32f4xx_ll_usb.o
                0x0000000008001da4                USB_EPStartXfer
 .text.USB_ReadPacket
                0x0000000008001fd8       0x46 build/stm32f4xx_ll_usb.o
                0x0000000008001fd8                USB_ReadPacket
 .text.USB_EPSetStall
                0x000000000800201e       0x5a build/stm32f4xx_ll_usb.o
                0x000000000800201e                USB_EPSetStall
 .text.USB_EPClearStall
                0x0000000008002078       0x5c build/stm32f4xx_ll_usb.o
                0x0000000008002078                USB_EPClearStall
 .text.USB_SetDevAddress
                0x00000000080020d4       0x20 build/stm32f4xx_ll_usb.o
                0x00000000080020d4                USB_SetDevAddress
 .text.USB_DevConnect
                0x00000000080020f4       0x1c build/stm32f4xx_ll_usb.o
                0x00000000080020f4                USB_DevConnect
 .text.USB_DevDisconnect
                0x0000000008002110       0x1c build/stm32f4xx_ll_usb.o
                0x0000000008002110                USB_DevDisconnect
 .text.USB_ReadInterrupts
                0x000000000800212c        0x8 build/stm32f4xx_ll_usb.o
                0x000000000800212c                USB_ReadInterrupts
 .text.USB_ReadDevAllOutEpInterrupt
                0x0000000008002134       0x10 build/stm32f4xx_ll_usb.o
                0x0000000008002134                USB_ReadDevAllOutEpInterrupt
 .text.USB_ReadDevAllInEpInterrupt
                0x0000000008002144       0x10 build/stm32f4xx_ll_usb.o
                0x0000000008002144                USB_ReadDevAllInEpInterrupt
 .text.USB_ReadDevOutEPInterrupt
                0x0000000008002154       0x12 build/stm32f4xx_ll_usb.o
                0x0000000008002154                USB_ReadDevOutEPInterrupt
 .text.USB_ReadDevInEPInterrupt
                0x0000000008002166       0x24 build/stm32f4xx_ll_usb.o
                0x0000000008002166                USB_ReadDevInEPInterrupt
 .text.USB_GetMode
                0x000000000800218a        0x8 build/stm32f4xx_ll_usb.o
                0x000000000800218a                USB_GetMode
 .text.USB_SetCurrentMode
                0x0000000008002192       0x62 build/stm32f4xx_ll_usb.o
                0x0000000008002192                USB_SetCurrentMode
 .text.USB_ActivateSetup
                0x00000000080021f4       0x20 build/stm32f4xx_ll_usb.o
                0x00000000080021f4                USB_ActivateSetup
 .text.USB_EP0_OutStart
                0x0000000008002214       0x60 build/stm32f4xx_ll_usb.o
                0x0000000008002214                USB_EP0_OutStart
 .text.HAL_RCC_OscConfig
                0x0000000008002274      0x3f8 build/stm32f4xx_hal_rcc.o
                0x0000000008002274                HAL_RCC_OscConfig
 .text.HAL_RCC_GetSysClockFreq
                0x000000000800266c       0xa8 build/stm32f4xx_hal_rcc.o
                0x000000000800266c                HAL_RCC_GetSysClockFreq
 .text.HAL_RCC_ClockConfig
                0x0000000008002714      0x160 build/stm32f4xx_hal_rcc.o
                0x0000000008002714                HAL_RCC_ClockConfig
 .text.HAL_RCC_GetHCLKFreq
                0x0000000008002874        0xc build/stm32f4xx_hal_rcc.o
                0x0000000008002874                HAL_RCC_GetHCLKFreq
 .text.HAL_GPIO_Init
                0x0000000008002880      0x1c8 build/stm32f4xx_hal_gpio.o
                0x0000000008002880                HAL_GPIO_Init
 .text.HAL_NVIC_SetPriorityGrouping
                0x0000000008002a48       0x24 build/stm32f4xx_hal_cortex.o
                0x0000000008002a48                HAL_NVIC_SetPriorityGrouping
 .text.HAL_NVIC_SetPriority
                0x0000000008002a6c       0x70 build/stm32f4xx_hal_cortex.o
                0x0000000008002a6c                HAL_NVIC_SetPriority
 .text.HAL_NVIC_EnableIRQ
                0x0000000008002adc       0x1c build/stm32f4xx_hal_cortex.o
                0x0000000008002adc                HAL_NVIC_EnableIRQ
 .text.HAL_SYSTICK_Config
                0x0000000008002af8       0x28 build/stm32f4xx_hal_cortex.o
                0x0000000008002af8                HAL_SYSTICK_Config
 .text.HAL_InitTick
                0x0000000008002b20       0x4c build/stm32f4xx_hal.o
                0x0000000008002b20                HAL_InitTick
 .text.HAL_Init
                0x0000000008002b6c       0x34 build/stm32f4xx_hal.o
                0x0000000008002b6c                HAL_Init
 .text.HAL_IncTick
                0x0000000008002ba0       0x18 build/stm32f4xx_hal.o
                0x0000000008002ba0                HAL_IncTick
 .text.HAL_GetTick
                0x0000000008002bb8        0xc build/stm32f4xx_hal.o
                0x0000000008002bb8                HAL_GetTick
 .text.HAL_Delay
                0x0000000008002bc4       0x28 build/stm32f4xx_hal.o
                0x0000000008002bc4                HAL_Delay
 .text.SystemInit
                0x0000000008002bec       0x14 build/system_stm32f4xx.o
                0x0000000008002bec                SystemInit
 .text.USBD_Init
                0x0000000008002c00       0x2e build/usbd_core.o
                0x0000000008002c00                USBD_Init
 .text.USBD_RegisterClass
                0x0000000008002c2e       0x34 build/usbd_core.o
                0x0000000008002c2e                USBD_RegisterClass
 .text.USBD_Start
                0x0000000008002c62        0x8 build/usbd_core.o
                0x0000000008002c62                USBD_Start
 .text.USBD_SetClassConfig
                0x0000000008002c6a       0x12 build/usbd_core.o
                0x0000000008002c6a                USBD_SetClassConfig
 .text.USBD_ClrClassConfig
                0x0000000008002c7c       0x12 build/usbd_core.o
                0x0000000008002c7c                USBD_ClrClassConfig
 .text.USBD_LL_SetupStage
                0x0000000008002c8e       0x58 build/usbd_core.o
                0x0000000008002c8e                USBD_LL_SetupStage
 .text.USBD_LL_Reset
                0x0000000008002ce6       0x64 build/usbd_core.o
                0x0000000008002ce6                USBD_LL_Reset
 .text.USBD_LL_SetSpeed
                0x0000000008002d4a        0x6 build/usbd_core.o
                0x0000000008002d4a                USBD_LL_SetSpeed
 .text.USBD_LL_Suspend
                0x0000000008002d50       0x14 build/usbd_core.o
                0x0000000008002d50                USBD_LL_Suspend
 .text.USBD_LL_Resume
                0x0000000008002d64       0x1a build/usbd_core.o
                0x0000000008002d64                USBD_LL_Resume
 .text.USBD_LL_SOF
                0x0000000008002d7e       0x22 build/usbd_core.o
                0x0000000008002d7e                USBD_LL_SOF
 .text.USBD_LL_IsoINIncomplete
                0x0000000008002da0       0x2e build/usbd_core.o
                0x0000000008002da0                USBD_LL_IsoINIncomplete
 .text.USBD_LL_IsoOUTIncomplete
                0x0000000008002dce       0x2e build/usbd_core.o
                0x0000000008002dce                USBD_LL_IsoOUTIncomplete
 .text.USBD_LL_DevConnected
                0x0000000008002dfc        0x4 build/usbd_core.o
                0x0000000008002dfc                USBD_LL_DevConnected
 .text.USBD_LL_DevDisconnected
                0x0000000008002e00       0x20 build/usbd_core.o
                0x0000000008002e00                USBD_LL_DevDisconnected
 .text.USBD_CoreFindIF
                0x0000000008002e20        0x4 build/usbd_core.o
                0x0000000008002e20                USBD_CoreFindIF
 .text.USBD_CoreFindEP
                0x0000000008002e24        0x4 build/usbd_core.o
                0x0000000008002e24                USBD_CoreFindEP
 .text.USBD_LL_DataOutStage
                0x0000000008002e28       0xc6 build/usbd_core.o
                0x0000000008002e28                USBD_LL_DataOutStage
 .text.USBD_LL_DataInStage
                0x0000000008002eee       0xd6 build/usbd_core.o
                0x0000000008002eee                USBD_LL_DataInStage
 .text.USBD_GetNextDesc
                0x0000000008002fc4        0xe build/usbd_core.o
                0x0000000008002fc4                USBD_GetNextDesc
 .text.USBD_GetEpDesc
                0x0000000008002fd2       0x3e build/usbd_core.o
                0x0000000008002fd2                USBD_GetEpDesc
 .text.USBD_GetLen
                0x0000000008003010       0x14 build/usbd_ctlreq.o
 .text.USBD_ParseSetupRequest
                0x0000000008003024       0x28 build/usbd_ctlreq.o
                0x0000000008003024                USBD_ParseSetupRequest
 .text.USBD_CtlError
                0x000000000800304c       0x14 build/usbd_ctlreq.o
                0x000000000800304c                USBD_CtlError
 .text.USBD_GetDescriptor
                0x0000000008003060      0x18a build/usbd_ctlreq.o
 .text.USBD_SetAddress
                0x00000000080031ea       0x50 build/usbd_ctlreq.o
 *fill*         0x000000000800323a        0x2 
 .text.USBD_SetConfig
                0x000000000800323c       0xcc build/usbd_ctlreq.o
 .text.USBD_GetConfig
                0x0000000008003308       0x40 build/usbd_ctlreq.o
 .text.USBD_GetStatus
                0x0000000008003348       0x38 build/usbd_ctlreq.o
 .text.USBD_SetFeature
                0x0000000008003380       0x2a build/usbd_ctlreq.o
 .text.USBD_ClrFeature
                0x00000000080033aa       0x26 build/usbd_ctlreq.o
 .text.USBD_StdDevReq
                0x00000000080033d0       0x76 build/usbd_ctlreq.o
                0x00000000080033d0                USBD_StdDevReq
 .text.USBD_StdItfReq
                0x0000000008003446       0x84 build/usbd_ctlreq.o
                0x0000000008003446                USBD_StdItfReq
 .text.USBD_StdEPReq
                0x00000000080034ca      0x230 build/usbd_ctlreq.o
                0x00000000080034ca                USBD_StdEPReq
 .text.USBD_GetString
                0x00000000080036fa       0x3a build/usbd_ctlreq.o
                0x00000000080036fa                USBD_GetString
 .text.USBD_CtlSendData
                0x0000000008003734       0x1a build/usbd_ioreq.o
                0x0000000008003734                USBD_CtlSendData
 .text.USBD_CtlContinueSendData
                0x000000000800374e       0x10 build/usbd_ioreq.o
                0x000000000800374e                USBD_CtlContinueSendData
 .text.USBD_CtlPrepareRx
                0x000000000800375e       0x1e build/usbd_ioreq.o
                0x000000000800375e                USBD_CtlPrepareRx
 .text.USBD_CtlContinueRx
                0x000000000800377c       0x10 build/usbd_ioreq.o
                0x000000000800377c                USBD_CtlContinueRx
 .text.USBD_CtlSendStatus
                0x000000000800378c       0x16 build/usbd_ioreq.o
                0x000000000800378c                USBD_CtlSendStatus
 .text.USBD_CtlReceiveStatus
                0x00000000080037a2       0x16 build/usbd_ioreq.o
                0x00000000080037a2                USBD_CtlReceiveStatus
 .text.USBD_CDC_EP0_RxReady
                0x00000000080037b8       0x40 build/usbd_cdc.o
 .text.USBD_CDC_GetDeviceQualifierDescriptor
                0x00000000080037f8        0xc build/usbd_cdc.o
                0x00000000080037f8                USBD_CDC_GetDeviceQualifierDescriptor
 .text.USBD_CDC_GetOtherSpeedCfgDesc
                0x0000000008003804       0x48 build/usbd_cdc.o
 .text.USBD_CDC_GetFSCfgDesc
                0x000000000800384c       0x48 build/usbd_cdc.o
 .text.USBD_CDC_GetHSCfgDesc
                0x0000000008003894       0x48 build/usbd_cdc.o
 .text.USBD_CDC_DataOut
                0x00000000080038dc       0x38 build/usbd_cdc.o
 .text.USBD_CDC_DataIn
                0x0000000008003914       0x7c build/usbd_cdc.o
 .text.USBD_CDC_Setup
                0x0000000008003990      0x11a build/usbd_cdc.o
 .text.USBD_CDC_DeInit
                0x0000000008003aaa       0x64 build/usbd_cdc.o
 .text.USBD_CDC_Init
                0x0000000008003b0e       0xee build/usbd_cdc.o
 .text.USBD_CDC_RegisterInterface
                0x0000000008003bfc       0x16 build/usbd_cdc.o
                0x0000000008003bfc                USBD_CDC_RegisterInterface
 .text.USBD_CDC_SetTxBuffer
                0x0000000008003c12       0x1c build/usbd_cdc.o
                0x0000000008003c12                USBD_CDC_SetTxBuffer
 .text.USBD_CDC_SetRxBuffer
                0x0000000008003c2e       0x18 build/usbd_cdc.o
                0x0000000008003c2e                USBD_CDC_SetRxBuffer
 .text.USBD_CDC_TransmitPacket
                0x0000000008003c46       0x3a build/usbd_cdc.o
                0x0000000008003c46                USBD_CDC_TransmitPacket
 .text.USBD_CDC_ReceivePacket
                0x0000000008003c80       0x38 build/usbd_cdc.o
                0x0000000008003c80                USBD_CDC_ReceivePacket
 .text.Reset_Handler
                0x0000000008003cb8       0x50 build/startup_stm32f401xc.o
                0x0000000008003cb8                Reset_Handler
 .text.Default_Handler
                0x0000000008003d08        0x2 build/startup_stm32f401xc.o
                0x0000000008003d08                DMA1_Stream3_IRQHandler
                0x0000000008003d08                EXTI2_IRQHandler
                0x0000000008003d08                SPI4_IRQHandler
                0x0000000008003d08                TIM1_CC_IRQHandler
                0x0000000008003d08                DMA2_Stream5_IRQHandler
                0x0000000008003d08                DMA1_Stream5_IRQHandler
                0x0000000008003d08                PVD_IRQHandler
                0x0000000008003d08                SDIO_IRQHandler
                0x0000000008003d08                TAMP_STAMP_IRQHandler
                0x0000000008003d08                EXTI3_IRQHandler
                0x0000000008003d08                TIM1_UP_TIM10_IRQHandler
                0x0000000008003d08                I2C3_ER_IRQHandler
                0x0000000008003d08                EXTI0_IRQHandler
                0x0000000008003d08                I2C2_EV_IRQHandler
                0x0000000008003d08                DMA1_Stream2_IRQHandler
                0x0000000008003d08                FPU_IRQHandler
                0x0000000008003d08                DMA2_Stream2_IRQHandler
                0x0000000008003d08                SPI1_IRQHandler
                0x0000000008003d08                TIM1_BRK_TIM9_IRQHandler
                0x0000000008003d08                DMA2_Stream3_IRQHandler
                0x0000000008003d08                USART6_IRQHandler
                0x0000000008003d08                DMA2_Stream0_IRQHandler
                0x0000000008003d08                TIM4_IRQHandler
                0x0000000008003d08                I2C1_EV_IRQHandler
                0x0000000008003d08                DMA1_Stream6_IRQHandler
                0x0000000008003d08                DMA1_Stream1_IRQHandler
                0x0000000008003d08                TIM3_IRQHandler
                0x0000000008003d08                RCC_IRQHandler
                0x0000000008003d08                Default_Handler
                0x0000000008003d08                EXTI15_10_IRQHandler
                0x0000000008003d08                ADC_IRQHandler
                0x0000000008003d08                DMA1_Stream7_IRQHandler
                0x0000000008003d08                TIM5_IRQHandler
                0x0000000008003d08                DMA2_Stream7_IRQHandler
                0x0000000008003d08                I2C3_EV_IRQHandler
                0x0000000008003d08                EXTI9_5_IRQHandler
                0x0000000008003d08                RTC_WKUP_IRQHandler
                0x0000000008003d08                SPI2_IRQHandler
                0x0000000008003d08                DMA1_Stream0_IRQHandler
                0x0000000008003d08                EXTI4_IRQHandler
                0x0000000008003d08                WWDG_IRQHandler
                0x0000000008003d08                TIM2_IRQHandler
                0x0000000008003d08                OTG_FS_WKUP_IRQHandler
                0x0000000008003d08                TIM1_TRG_COM_TIM11_IRQHandler
                0x0000000008003d08                EXTI1_IRQHandler
                0x0000000008003d08                USART2_IRQHandler
                0x0000000008003d08                I2C2_ER_IRQHandler
                0x0000000008003d08                DMA2_Stream1_IRQHandler
                0x0000000008003d08                FLASH_IRQHandler
                0x0000000008003d08                DMA2_Stream4_IRQHandler
                0x0000000008003d08                USART1_IRQHandler
                0x0000000008003d08                SPI3_IRQHandler
                0x0000000008003d08                DMA1_Stream4_IRQHandler
                0x0000000008003d08                I2C1_ER_IRQHandler
                0x0000000008003d08                DMA2_Stream6_IRQHandler
                0x0000000008003d08                RTC_Alarm_IRQHandler
 *fill*         0x0000000008003d0a        0x2 
 .text.__libc_init_array
                0x0000000008003d0c       0x48 /Applications/ARM/bin/../lib/gcc/arm-none-eabi/11.2.1/../../../../arm-none-eabi/lib/thumb/v7e-m+fp/hard/libc_nano.a(lib_a-init.o)
                0x0000000008003d0c                __libc_init_array
 .text.memset   0x0000000008003d54       0x10 /Applications/ARM/bin/../lib/gcc/arm-none-eabi/11.2.1/../../../../arm-none-eabi/lib/thumb/v7e-m+fp/hard/libc_nano.a(lib_a-memset.o)
                0x0000000008003d54                memset
 .text.__udivmoddi4
                0x0000000008003d64      0x2c8 /Applications/ARM/bin/../lib/gcc/arm-none-eabi/11.2.1/thumb/v7e-m+fp/hard/libgcc.a(_udivmoddi4.o)
                0x0000000008003d64                __udivmoddi4
 *(.glue_7)
 .glue_7        0x000000000800402c        0x0 linker stubs
 *(.glue_7t)
 .glue_7t       0x000000000800402c        0x0 linker stubs
 *(.eh_frame)
 .eh_frame      0x000000000800402c        0x0 /Applications/ARM/bin/../lib/gcc/arm-none-eabi/11.2.1/thumb/v7e-m+fp/hard/crtbegin.o
 *(.init)
 .init          0x000000000800402c        0x4 /Applications/ARM/bin/../lib/gcc/arm-none-eabi/11.2.1/thumb/v7e-m+fp/hard/crti.o
                0x000000000800402c                _init
 .init          0x0000000008004030        0x8 /Applications/ARM/bin/../lib/gcc/arm-none-eabi/11.2.1/thumb/v7e-m+fp/hard/crtn.o
 *(.fini)
 .fini          0x0000000008004038        0x4 /Applications/ARM/bin/../lib/gcc/arm-none-eabi/11.2.1/thumb/v7e-m+fp/hard/crti.o
                0x0000000008004038                _fini
 .fini          0x000000000800403c        0x8 /Applications/ARM/bin/../lib/gcc/arm-none-eabi/11.2.1/thumb/v7e-m+fp/hard/crtn.o
                0x0000000008004044                . = ALIGN (0x4)
                0x0000000008004044                _etext = .

.vfp11_veneer   0x0000000008004044        0x0
 .vfp11_veneer  0x0000000008004044        0x0 linker stubs

.v4_bx          0x0000000008004044        0x0
 .v4_bx         0x0000000008004044        0x0 linker stubs

.iplt           0x0000000008004044        0x0
 .iplt          0x0000000008004044        0x0 /Applications/ARM/bin/../lib/gcc/arm-none-eabi/11.2.1/thumb/v7e-m+fp/hard/crtbegin.o

.rodata         0x0000000008004044       0x58
                0x0000000008004044                . = ALIGN (0x4)
 *(.rodata)
 *(.rodata*)
 .rodata.USBD_FS_ProductStrDescriptor.str1.4
                0x0000000008004044       0x16 build/usbd_desc.o
 *fill*         0x000000000800405a        0x2 
 .rodata.USBD_FS_ManufacturerStrDescriptor.str1.4
                0x000000000800405c       0x13 build/usbd_desc.o
 *fill*         0x000000000800406f        0x1 
 .rodata.USBD_FS_ConfigStrDescriptor.str1.4
                0x0000000008004070        0xb build/usbd_desc.o
 *fill*         0x000000000800407b        0x1 
 .rodata.USBD_FS_InterfaceStrDescriptor.str1.4
                0x000000000800407c        0xe build/usbd_desc.o
 *fill*         0x000000000800408a        0x2 
 .rodata.AHBPrescTable
                0x000000000800408c       0x10 build/system_stm32f4xx.o
                0x000000000800408c                AHBPrescTable
                0x000000000800409c                . = ALIGN (0x4)

.ARM.extab
 *(.ARM.extab* .gnu.linkonce.armextab.*)

.ARM            0x000000000800409c        0x8
                0x000000000800409c                __exidx_start = .
 *(.ARM.exidx*)
 .ARM.exidx.text.__udivmoddi4
                0x000000000800409c        0x8 /Applications/ARM/bin/../lib/gcc/arm-none-eabi/11.2.1/thumb/v7e-m+fp/hard/libgcc.a(_udivmoddi4.o)
                0x00000000080040a4                __exidx_end = .

.rel.dyn        0x00000000080040a4        0x0
 .rel.iplt      0x00000000080040a4        0x0 /Applications/ARM/bin/../lib/gcc/arm-none-eabi/11.2.1/thumb/v7e-m+fp/hard/crtbegin.o

.preinit_array  0x00000000080040a4        0x0
                0x00000000080040a4                PROVIDE (__preinit_array_start = .)
 *(.preinit_array*)
                0x00000000080040a4                PROVIDE (__preinit_array_end = .)

.init_array     0x00000000080040a4        0x4
                0x00000000080040a4                PROVIDE (__init_array_start = .)
 *(SORT_BY_NAME(.init_array.*))
 *(.init_array*)
 .init_array    0x00000000080040a4        0x4 /Applications/ARM/bin/../lib/gcc/arm-none-eabi/11.2.1/thumb/v7e-m+fp/hard/crtbegin.o
                0x00000000080040a8                PROVIDE (__init_array_end = .)

.fini_array     0x00000000080040a8        0x4
                [!provide]                        PROVIDE (__fini_array_start = .)
 *(SORT_BY_NAME(.fini_array.*))
 *(.fini_array*)
 .fini_array    0x00000000080040a8        0x4 /Applications/ARM/bin/../lib/gcc/arm-none-eabi/11.2.1/thumb/v7e-m+fp/hard/crtbegin.o
                [!provide]                        PROVIDE (__fini_array_end = .)
                0x00000000080040ac                _sidata = LOADADDR (.data)

.data           0x0000000020000000       0xf8 load address 0x00000000080040ac
                0x0000000020000000                . = ALIGN (0x4)
                0x0000000020000000                _sdata = .
 *(.data)
 *(.data*)
 .data.FS_Desc  0x0000000020000000       0x1c build/usbd_desc.o
                0x0000000020000000                FS_Desc
 .data.USBD_FS_DeviceDesc
                0x000000002000001c       0x12 build/usbd_desc.o
                0x000000002000001c                USBD_FS_DeviceDesc
 *fill*         0x000000002000002e        0x2 
 .data.USBD_LangIDDesc
                0x0000000020000030        0x4 build/usbd_desc.o
                0x0000000020000030                USBD_LangIDDesc
 .data.USBD_StringSerial
                0x0000000020000034       0x1a build/usbd_desc.o
                0x0000000020000034                USBD_StringSerial
 *fill*         0x000000002000004e        0x2 
 .data.USBD_Interface_fops_FS
                0x0000000020000050       0x14 build/usbd_cdc_if.o
                0x0000000020000050                USBD_Interface_fops_FS
 .data.uwTickFreq
                0x0000000020000064        0x1 build/stm32f4xx_hal.o
                0x0000000020000064                uwTickFreq
 *fill*         0x0000000020000065        0x3 
 .data.uwTickPrio
                0x0000000020000068        0x4 build/stm32f4xx_hal.o
                0x0000000020000068                uwTickPrio
 .data.SystemCoreClock
                0x000000002000006c        0x4 build/system_stm32f4xx.o
                0x000000002000006c                SystemCoreClock
 .data.USBD_CDC
                0x0000000020000070       0x38 build/usbd_cdc.o
                0x0000000020000070                USBD_CDC
 .data.USBD_CDC_CfgDesc
                0x00000000200000a8       0x43 build/usbd_cdc.o
 *fill*         0x00000000200000eb        0x1 
 .data.USBD_CDC_DeviceQualifierDesc
                0x00000000200000ec        0xa build/usbd_cdc.o
                0x00000000200000f8                . = ALIGN (0x4)
 *fill*         0x00000000200000f6        0x2 
                0x00000000200000f8                _edata = .

.tm_clone_table
                0x00000000200000f8        0x0 load address 0x00000000080041a4
 .tm_clone_table
                0x00000000200000f8        0x0 /Applications/ARM/bin/../lib/gcc/arm-none-eabi/11.2.1/thumb/v7e-m+fp/hard/crtbegin.o
 .tm_clone_table
                0x00000000200000f8        0x0 /Applications/ARM/bin/../lib/gcc/arm-none-eabi/11.2.1/thumb/v7e-m+fp/hard/crtend.o

.igot.plt       0x00000000200000f8        0x0 load address 0x00000000080041a4
 .igot.plt      0x00000000200000f8        0x0 /Applications/ARM/bin/../lib/gcc/arm-none-eabi/11.2.1/thumb/v7e-m+fp/hard/crtbegin.o
                0x00000000200000f8                . = ALIGN (0x4)

.bss            0x00000000200000f8     0x13fc load address 0x00000000080041a4
                0x00000000200000f8                _sbss = .
                0x00000000200000f8                __bss_start__ = _sbss
 *(.bss)
 *(.bss*)
 .bss.completed.1
                0x00000000200000f8        0x1 /Applications/ARM/bin/../lib/gcc/arm-none-eabi/11.2.1/thumb/v7e-m+fp/hard/crtbegin.o
 *fill*         0x00000000200000f9        0x3 
 .bss.object.0  0x00000000200000fc       0x18 /Applications/ARM/bin/../lib/gcc/arm-none-eabi/11.2.1/thumb/v7e-m+fp/hard/crtbegin.o
 .bss.hUsbDeviceFS
                0x0000000020000114      0x2dc build/usb_device.o
                0x0000000020000114                hUsbDeviceFS
 .bss.USBD_StrDesc
                0x00000000200003f0      0x200 build/usbd_desc.o
                0x00000000200003f0                USBD_StrDesc
 .bss.UserRxBufferFS
                0x00000000200005f0      0x3e8 build/usbd_cdc_if.o
                0x00000000200005f0                UserRxBufferFS
 .bss.UserTxBufferFS
                0x00000000200009d8      0x3e8 build/usbd_cdc_if.o
                0x00000000200009d8                UserTxBufferFS
 .bss.hpcd_USB_OTG_FS
                0x0000000020000dc0      0x50c build/usbd_conf.o
                0x0000000020000dc0                hpcd_USB_OTG_FS
 .bss.mem.0     0x00000000200012cc      0x220 build/usbd_conf.o
 .bss.uwTick    0x00000000200014ec        0x4 build/stm32f4xx_hal.o
                0x00000000200014ec                uwTick
 .bss.cfgidx.0  0x00000000200014f0        0x1 build/usbd_ctlreq.o
 *(COMMON)
                0x00000000200014f4                . = ALIGN (0x4)
 *fill*         0x00000000200014f1        0x3 
                0x00000000200014f4                _ebss = .
                0x00000000200014f4                __bss_end__ = _ebss

._user_heap_stack
                0x00000000200014f4      0xc04 load address 0x00000000080041a4
                0x00000000200014f8                . = ALIGN (0x8)
 *fill*         0x00000000200014f4        0x4 
                [!provide]                        PROVIDE (end = .)
                [!provide]                        PROVIDE (_end = .)
                0x0000000020001af8                . = (. + _Min_Heap_Size)
 *fill*         0x00000000200014f8      0x600 
                0x00000000200020f8                . = (. + _Min_Stack_Size)
 *fill*         0x0000000020001af8      0x600 
                0x00000000200020f8                . = ALIGN (0x8)

/DISCARD/
 libc.a(*)
 libm.a(*)
 libgcc.a(*)

.ARM.attributes
                0x0000000000000000       0x30
 *(.ARM.attributes)
 .ARM.attributes
                0x0000000000000000       0x1e /Applications/ARM/bin/../lib/gcc/arm-none-eabi/11.2.1/thumb/v7e-m+fp/hard/crti.o
 .ARM.attributes
                0x000000000000001e       0x34 /Applications/ARM/bin/../lib/gcc/arm-none-eabi/11.2.1/thumb/v7e-m+fp/hard/crtbegin.o
 .ARM.attributes
                0x0000000000000052       0x34 build/main.o
 .ARM.attributes
                0x0000000000000086       0x34 build/sys_config.o
 .ARM.attributes
                0x00000000000000ba       0x34 build/serial.o
 .ARM.attributes
                0x00000000000000ee       0x34 build/stm32f4xx_it.o
 .ARM.attributes
                0x0000000000000122       0x34 build/stm32f4xx_hal_msp.o
 .ARM.attributes
                0x0000000000000156       0x34 build/usb_device.o
 .ARM.attributes
                0x000000000000018a       0x34 build/usbd_desc.o
 .ARM.attributes
                0x00000000000001be       0x34 build/usbd_cdc_if.o
 .ARM.attributes
                0x00000000000001f2       0x34 build/usbd_conf.o
 .ARM.attributes
                0x0000000000000226       0x34 build/stm32f4xx_hal_pcd.o
 .ARM.attributes
                0x000000000000025a       0x34 build/stm32f4xx_hal_pcd_ex.o
 .ARM.attributes
                0x000000000000028e       0x34 build/stm32f4xx_ll_usb.o
 .ARM.attributes
                0x00000000000002c2       0x34 build/stm32f4xx_hal_rcc.o
 .ARM.attributes
                0x00000000000002f6       0x34 build/stm32f4xx_hal_gpio.o
 .ARM.attributes
                0x000000000000032a       0x34 build/stm32f4xx_hal_cortex.o
 .ARM.attributes
                0x000000000000035e       0x34 build/stm32f4xx_hal.o
 .ARM.attributes
                0x0000000000000392       0x34 build/system_stm32f4xx.o
 .ARM.attributes
                0x00000000000003c6       0x34 build/usbd_core.o
 .ARM.attributes
                0x00000000000003fa       0x34 build/usbd_ctlreq.o
 .ARM.attributes
                0x000000000000042e       0x34 build/usbd_ioreq.o
 .ARM.attributes
                0x0000000000000462       0x34 build/usbd_cdc.o
 .ARM.attributes
                0x0000000000000496       0x21 build/startup_stm32f401xc.o
 .ARM.attributes
                0x00000000000004b7       0x34 /Applications/ARM/bin/../lib/gcc/arm-none-eabi/11.2.1/../../../../arm-none-eabi/lib/thumb/v7e-m+fp/hard/libc_nano.a(lib_a-init.o)
 .ARM.attributes
                0x00000000000004eb       0x34 /Applications/ARM/bin/../lib/gcc/arm-none-eabi/11.2.1/../../../../arm-none-eabi/lib/thumb/v7e-m+fp/hard/libc_nano.a(lib_a-memset.o)
 .ARM.attributes
                0x000000000000051f       0x1e /Applications/ARM/bin/../lib/gcc/arm-none-eabi/11.2.1/thumb/v7e-m+fp/hard/libgcc.a(_aeabi_uldivmod.o)
 .ARM.attributes
                0x000000000000053d       0x34 /Applications/ARM/bin/../lib/gcc/arm-none-eabi/11.2.1/thumb/v7e-m+fp/hard/libgcc.a(_udivmoddi4.o)
 .ARM.attributes
                0x0000000000000571       0x1e /Applications/ARM/bin/../lib/gcc/arm-none-eabi/11.2.1/thumb/v7e-m+fp/hard/libgcc.a(_dvmd_tls.o)
 .ARM.attributes
                0x000000000000058f       0x34 /Applications/ARM/bin/../lib/gcc/arm-none-eabi/11.2.1/thumb/v7e-m+fp/hard/crtend.o
 .ARM.attributes
                0x00000000000005c3       0x1e /Applications/ARM/bin/../lib/gcc/arm-none-eabi/11.2.1/thumb/v7e-m+fp/hard/crtn.o
OUTPUT(build/DrunkPCEPROMEmu.elf elf32-littlearm)
LOAD linker stubs
LOAD /Applications/ARM/bin/../lib/gcc/arm-none-eabi/11.2.1/../../../../arm-none-eabi/lib/thumb/v7e-m+fp/hard/libc.a
LOAD /Applications/ARM/bin/../lib/gcc/arm-none-eabi/11.2.1/../../../../arm-none-eabi/lib/thumb/v7e-m+fp/hard/libm.a
LOAD /Applications/ARM/bin/../lib/gcc/arm-none-eabi/11.2.1/thumb/v7e-m+fp/hard/libgcc.a

.comment        0x0000000000000000       0x57
 .comment       0x0000000000000000       0x57 /Applications/ARM/bin/../lib/gcc/arm-none-eabi/11.2.1/thumb/v7e-m+fp/hard/crtbegin.o
                                         0x58 (size before relaxing)
 .comment       0x0000000000000057       0x58 build/main.o
 .comment       0x0000000000000057       0x58 build/sys_config.o
 .comment       0x0000000000000057       0x58 build/serial.o
 .comment       0x0000000000000057       0x58 build/stm32f4xx_it.o
 .comment       0x0000000000000057       0x58 build/stm32f4xx_hal_msp.o
 .comment       0x0000000000000057       0x58 build/usb_device.o
 .comment       0x0000000000000057       0x58 build/usbd_desc.o
 .comment       0x0000000000000057       0x58 build/usbd_cdc_if.o
 .comment       0x0000000000000057       0x58 build/usbd_conf.o
 .comment       0x0000000000000057       0x58 build/stm32f4xx_hal_pcd.o
 .comment       0x0000000000000057       0x58 build/stm32f4xx_hal_pcd_ex.o
 .comment       0x0000000000000057       0x58 build/stm32f4xx_ll_usb.o
 .comment       0x0000000000000057       0x58 build/stm32f4xx_hal_rcc.o
 .comment       0x0000000000000057       0x58 build/stm32f4xx_hal_gpio.o
 .comment       0x0000000000000057       0x58 build/stm32f4xx_hal_cortex.o
 .comment       0x0000000000000057       0x58 build/stm32f4xx_hal.o
 .comment       0x0000000000000057       0x58 build/system_stm32f4xx.o
 .comment       0x0000000000000057       0x58 build/usbd_core.o
 .comment       0x0000000000000057       0x58 build/usbd_ctlreq.o
 .comment       0x0000000000000057       0x58 build/usbd_ioreq.o
 .comment       0x0000000000000057       0x58 build/usbd_cdc.o
 .comment       0x0000000000000057       0x58 /Applications/ARM/bin/../lib/gcc/arm-none-eabi/11.2.1/../../../../arm-none-eabi/lib/thumb/v7e-m+fp/hard/libc_nano.a(lib_a-init.o)
 .comment       0x0000000000000057       0x58 /Applications/ARM/bin/../lib/gcc/arm-none-eabi/11.2.1/../../../../arm-none-eabi/lib/thumb/v7e-m+fp/hard/libc_nano.a(lib_a-memset.o)
 .comment       0x0000000000000057       0x58 /Applications/ARM/bin/../lib/gcc/arm-none-eabi/11.2.1/thumb/v7e-m+fp/hard/libgcc.a(_udivmoddi4.o)
 .comment       0x0000000000000057       0x58 /Applications/ARM/bin/../lib/gcc/arm-none-eabi/11.2.1/thumb/v7e-m+fp/hard/crtend.o

.debug_info     0x0000000000000000    0x129b3
 .debug_info    0x0000000000000000      0x5bc build/main.o
 .debug_info    0x00000000000005bc      0x603 build/sys_config.o
 .debug_info    0x0000000000000bbf      0x29c build/serial.o
 .debug_info    0x0000000000000e5b      0x716 build/stm32f4xx_it.o
 .debug_info    0x0000000000001571      0x31d build/stm32f4xx_hal_msp.o
 .debug_info    0x000000000000188e      0x894 build/usb_device.o
 .debug_info    0x0000000000002122      0x650 build/usbd_desc.o
 .debug_info    0x0000000000002772      0xb27 build/usbd_cdc_if.o
 .debug_info    0x0000000000003299     0x2327 build/usbd_conf.o
 .debug_info    0x00000000000055c0     0x1f1b build/stm32f4xx_hal_pcd.o
 .debug_info    0x00000000000074db      0x7b3 build/stm32f4xx_hal_pcd_ex.o
 .debug_info    0x0000000000007c8e     0x2157 build/stm32f4xx_ll_usb.o
 .debug_info    0x0000000000009de5      0xc36 build/stm32f4xx_hal_rcc.o
 .debug_info    0x000000000000aa1b      0x872 build/stm32f4xx_hal_gpio.o
 .debug_info    0x000000000000b28d     0x10e4 build/stm32f4xx_hal_cortex.o
 .debug_info    0x000000000000c371      0xa8a build/stm32f4xx_hal.o
 .debug_info    0x000000000000cdfb      0x5e5 build/system_stm32f4xx.o
 .debug_info    0x000000000000d3e0     0x143a build/usbd_core.o
 .debug_info    0x000000000000e81a     0x1565 build/usbd_ctlreq.o
 .debug_info    0x000000000000fd7f      0x9b2 build/usbd_ioreq.o
 .debug_info    0x0000000000010731     0x194a build/usbd_cdc.o
 .debug_info    0x000000000001207b       0x22 build/startup_stm32f401xc.o
 .debug_info    0x000000000001209d      0x10b /Applications/ARM/bin/../lib/gcc/arm-none-eabi/11.2.1/../../../../arm-none-eabi/lib/thumb/v7e-m+fp/hard/libc_nano.a(lib_a-init.o)
 .debug_info    0x00000000000121a8       0xe0 /Applications/ARM/bin/../lib/gcc/arm-none-eabi/11.2.1/../../../../arm-none-eabi/lib/thumb/v7e-m+fp/hard/libc_nano.a(lib_a-memset.o)
 .debug_info    0x0000000000012288       0x24 /Applications/ARM/bin/../lib/gcc/arm-none-eabi/11.2.1/thumb/v7e-m+fp/hard/libgcc.a(_aeabi_uldivmod.o)
 .debug_info    0x00000000000122ac      0x6e3 /Applications/ARM/bin/../lib/gcc/arm-none-eabi/11.2.1/thumb/v7e-m+fp/hard/libgcc.a(_udivmoddi4.o)
 .debug_info    0x000000000001298f       0x24 /Applications/ARM/bin/../lib/gcc/arm-none-eabi/11.2.1/thumb/v7e-m+fp/hard/libgcc.a(_dvmd_tls.o)

.debug_abbrev   0x0000000000000000     0x3309
 .debug_abbrev  0x0000000000000000      0x1af build/main.o
 .debug_abbrev  0x00000000000001af      0x1b9 build/sys_config.o
 .debug_abbrev  0x0000000000000368      0x152 build/serial.o
 .debug_abbrev  0x00000000000004ba      0x183 build/stm32f4xx_it.o
 .debug_abbrev  0x000000000000063d       0xd3 build/stm32f4xx_hal_msp.o
 .debug_abbrev  0x0000000000000710      0x19c build/usb_device.o
 .debug_abbrev  0x00000000000008ac      0x208 build/usbd_desc.o
 .debug_abbrev  0x0000000000000ab4      0x2ef build/usbd_cdc_if.o
 .debug_abbrev  0x0000000000000da3      0x348 build/usbd_conf.o
 .debug_abbrev  0x00000000000010eb      0x2fe build/stm32f4xx_hal_pcd.o
 .debug_abbrev  0x00000000000013e9      0x1c5 build/stm32f4xx_hal_pcd_ex.o
 .debug_abbrev  0x00000000000015ae      0x33d build/stm32f4xx_ll_usb.o
 .debug_abbrev  0x00000000000018eb      0x2de build/stm32f4xx_hal_rcc.o
 .debug_abbrev  0x0000000000001bc9      0x22b build/stm32f4xx_hal_gpio.o
 .debug_abbrev  0x0000000000001df4      0x371 build/stm32f4xx_hal_cortex.o
 .debug_abbrev  0x0000000000002165      0x275 build/stm32f4xx_hal.o
 .debug_abbrev  0x00000000000023da      0x11b build/system_stm32f4xx.o
 .debug_abbrev  0x00000000000024f5      0x2ec build/usbd_core.o
 .debug_abbrev  0x00000000000027e1      0x359 build/usbd_ctlreq.o
 .debug_abbrev  0x0000000000002b3a      0x195 build/usbd_ioreq.o
 .debug_abbrev  0x0000000000002ccf      0x32f build/usbd_cdc.o
 .debug_abbrev  0x0000000000002ffe       0x12 build/startup_stm32f401xc.o
 .debug_abbrev  0x0000000000003010       0xc9 /Applications/ARM/bin/../lib/gcc/arm-none-eabi/11.2.1/../../../../arm-none-eabi/lib/thumb/v7e-m+fp/hard/libc_nano.a(lib_a-init.o)
 .debug_abbrev  0x00000000000030d9       0x9e /Applications/ARM/bin/../lib/gcc/arm-none-eabi/11.2.1/../../../../arm-none-eabi/lib/thumb/v7e-m+fp/hard/libc_nano.a(lib_a-memset.o)
 .debug_abbrev  0x0000000000003177       0x14 /Applications/ARM/bin/../lib/gcc/arm-none-eabi/11.2.1/thumb/v7e-m+fp/hard/libgcc.a(_aeabi_uldivmod.o)
 .debug_abbrev  0x000000000000318b      0x16a /Applications/ARM/bin/../lib/gcc/arm-none-eabi/11.2.1/thumb/v7e-m+fp/hard/libgcc.a(_udivmoddi4.o)
 .debug_abbrev  0x00000000000032f5       0x14 /Applications/ARM/bin/../lib/gcc/arm-none-eabi/11.2.1/thumb/v7e-m+fp/hard/libgcc.a(_dvmd_tls.o)

.debug_loc      0x0000000000000000     0xaa45
 .debug_loc     0x0000000000000000       0x58 build/main.o
 .debug_loc     0x0000000000000058       0x46 build/sys_config.o
 .debug_loc     0x000000000000009e       0xd1 build/serial.o
 .debug_loc     0x000000000000016f       0x40 build/stm32f4xx_it.o
 .debug_loc     0x00000000000001af       0x2c build/stm32f4xx_hal_msp.o
 .debug_loc     0x00000000000001db       0x20 build/usb_device.o
 .debug_loc     0x00000000000001fb      0x47b build/usbd_desc.o
 .debug_loc     0x0000000000000676      0x1c9 build/usbd_cdc_if.o
 .debug_loc     0x000000000000083f      0xf52 build/usbd_conf.o
 .debug_loc     0x0000000000001791     0x1752 build/stm32f4xx_hal_pcd.o
 .debug_loc     0x0000000000002ee3      0x116 build/stm32f4xx_hal_pcd_ex.o
 .debug_loc     0x0000000000002ff9     0x2878 build/stm32f4xx_ll_usb.o
 .debug_loc     0x0000000000005871      0x6e4 build/stm32f4xx_hal_rcc.o
 .debug_loc     0x0000000000005f55      0x5db build/stm32f4xx_hal_gpio.o
 .debug_loc     0x0000000000006530      0x831 build/stm32f4xx_hal_cortex.o
 .debug_loc     0x0000000000006d61      0x1e1 build/stm32f4xx_hal.o
 .debug_loc     0x0000000000006f42      0x158 build/system_stm32f4xx.o
 .debug_loc     0x000000000000709a     0x102a build/usbd_core.o
 .debug_loc     0x00000000000080c4     0x1a0d build/usbd_ctlreq.o
 .debug_loc     0x0000000000009ad1      0x398 build/usbd_ioreq.o
 .debug_loc     0x0000000000009e69      0xbdc build/usbd_cdc.o

.debug_aranges  0x0000000000000000      0xba8
 .debug_aranges
                0x0000000000000000       0x28 build/main.o
 .debug_aranges
                0x0000000000000028       0x28 build/sys_config.o
 .debug_aranges
                0x0000000000000050       0x30 build/serial.o
 .debug_aranges
                0x0000000000000080       0x68 build/stm32f4xx_it.o
 .debug_aranges
                0x00000000000000e8       0x20 build/stm32f4xx_hal_msp.o
 .debug_aranges
                0x0000000000000108       0x20 build/usb_device.o
 .debug_aranges
                0x0000000000000128       0x60 build/usbd_desc.o
 .debug_aranges
                0x0000000000000188       0x48 build/usbd_cdc_if.o
 .debug_aranges
                0x00000000000001d0      0x110 build/usbd_conf.o
 .debug_aranges
                0x00000000000002e0      0x148 build/stm32f4xx_hal_pcd.o
 .debug_aranges
                0x0000000000000428       0x38 build/stm32f4xx_hal_pcd_ex.o
 .debug_aranges
                0x0000000000000460      0x1a0 build/stm32f4xx_ll_usb.o
 .debug_aranges
                0x0000000000000600       0x88 build/stm32f4xx_hal_rcc.o
 .debug_aranges
                0x0000000000000688       0x58 build/stm32f4xx_hal_gpio.o
 .debug_aranges
                0x00000000000006e0       0xa8 build/stm32f4xx_hal_cortex.o
 .debug_aranges
                0x0000000000000788       0xf0 build/stm32f4xx_hal.o
 .debug_aranges
                0x0000000000000878       0x28 build/system_stm32f4xx.o
 .debug_aranges
                0x00000000000008a0       0xd8 build/usbd_core.o
 .debug_aranges
                0x0000000000000978       0x88 build/usbd_ctlreq.o
 .debug_aranges
                0x0000000000000a00       0x50 build/usbd_ioreq.o
 .debug_aranges
                0x0000000000000a50       0x90 build/usbd_cdc.o
 .debug_aranges
                0x0000000000000ae0       0x28 build/startup_stm32f401xc.o
 .debug_aranges
                0x0000000000000b08       0x20 /Applications/ARM/bin/../lib/gcc/arm-none-eabi/11.2.1/../../../../arm-none-eabi/lib/thumb/v7e-m+fp/hard/libc_nano.a(lib_a-init.o)
 .debug_aranges
                0x0000000000000b28       0x20 /Applications/ARM/bin/../lib/gcc/arm-none-eabi/11.2.1/../../../../arm-none-eabi/lib/thumb/v7e-m+fp/hard/libc_nano.a(lib_a-memset.o)
 .debug_aranges
                0x0000000000000b48       0x20 /Applications/ARM/bin/../lib/gcc/arm-none-eabi/11.2.1/thumb/v7e-m+fp/hard/libgcc.a(_aeabi_uldivmod.o)
 .debug_aranges
                0x0000000000000b68       0x20 /Applications/ARM/bin/../lib/gcc/arm-none-eabi/11.2.1/thumb/v7e-m+fp/hard/libgcc.a(_udivmoddi4.o)
 .debug_aranges
                0x0000000000000b88       0x20 /Applications/ARM/bin/../lib/gcc/arm-none-eabi/11.2.1/thumb/v7e-m+fp/hard/libgcc.a(_dvmd_tls.o)

.debug_ranges   0x0000000000000000      0xa28
 .debug_ranges  0x0000000000000000       0x18 build/main.o
 .debug_ranges  0x0000000000000018       0x18 build/sys_config.o
 .debug_ranges  0x0000000000000030       0x20 build/serial.o
 .debug_ranges  0x0000000000000050       0x58 build/stm32f4xx_it.o
 .debug_ranges  0x00000000000000a8       0x10 build/stm32f4xx_hal_msp.o
 .debug_ranges  0x00000000000000b8       0x10 build/usb_device.o
 .debug_ranges  0x00000000000000c8       0x50 build/usbd_desc.o
 .debug_ranges  0x0000000000000118       0x38 build/usbd_cdc_if.o
 .debug_ranges  0x0000000000000150      0x100 build/usbd_conf.o
 .debug_ranges  0x0000000000000250      0x138 build/stm32f4xx_hal_pcd.o
 .debug_ranges  0x0000000000000388       0x28 build/stm32f4xx_hal_pcd_ex.o
 .debug_ranges  0x00000000000003b0      0x190 build/stm32f4xx_ll_usb.o
 .debug_ranges  0x0000000000000540       0x90 build/stm32f4xx_hal_rcc.o
 .debug_ranges  0x00000000000005d0       0x48 build/stm32f4xx_hal_gpio.o
 .debug_ranges  0x0000000000000618       0xf8 build/stm32f4xx_hal_cortex.o
 .debug_ranges  0x0000000000000710       0xe0 build/stm32f4xx_hal.o
 .debug_ranges  0x00000000000007f0       0x18 build/system_stm32f4xx.o
 .debug_ranges  0x0000000000000808       0xc8 build/usbd_core.o
 .debug_ranges  0x00000000000008d0       0x78 build/usbd_ctlreq.o
 .debug_ranges  0x0000000000000948       0x40 build/usbd_ioreq.o
 .debug_ranges  0x0000000000000988       0x80 build/usbd_cdc.o
 .debug_ranges  0x0000000000000a08       0x20 build/startup_stm32f401xc.o

.debug_line     0x0000000000000000     0x9b5c
 .debug_line    0x0000000000000000      0x220 build/main.o
 .debug_line    0x0000000000000220      0x280 build/sys_config.o
 .debug_line    0x00000000000004a0      0x1ca build/serial.o
 .debug_line    0x000000000000066a      0x295 build/stm32f4xx_it.o
 .debug_line    0x00000000000008ff      0x11b build/stm32f4xx_hal_msp.o
 .debug_line    0x0000000000000a1a      0x1de build/usb_device.o
 .debug_line    0x0000000000000bf8      0x314 build/usbd_desc.o
 .debug_line    0x0000000000000f0c      0x244 build/usbd_cdc_if.o
 .debug_line    0x0000000000001150      0x7e8 build/usbd_conf.o
 .debug_line    0x0000000000001938     0x14f3 build/stm32f4xx_hal_pcd.o
 .debug_line    0x0000000000002e2b      0x280 build/stm32f4xx_hal_pcd_ex.o
 .debug_line    0x00000000000030ab     0x1d6e build/stm32f4xx_ll_usb.o
 .debug_line    0x0000000000004e19      0xad7 build/stm32f4xx_hal_rcc.o
 .debug_line    0x00000000000058f0      0x65c build/stm32f4xx_hal_gpio.o
 .debug_line    0x0000000000005f4c      0x74d build/stm32f4xx_hal_cortex.o
 .debug_line    0x0000000000006699      0x53b build/stm32f4xx_hal.o
 .debug_line    0x0000000000006bd4      0x217 build/system_stm32f4xx.o
 .debug_line    0x0000000000006deb      0x991 build/usbd_core.o
 .debug_line    0x000000000000777c      0xd0b build/usbd_ctlreq.o
 .debug_line    0x0000000000008487      0x274 build/usbd_ioreq.o
 .debug_line    0x00000000000086fb      0xa51 build/usbd_cdc.o
 .debug_line    0x000000000000914c       0x7c build/startup_stm32f401xc.o
 .debug_line    0x00000000000091c8      0x188 /Applications/ARM/bin/../lib/gcc/arm-none-eabi/11.2.1/../../../../arm-none-eabi/lib/thumb/v7e-m+fp/hard/libc_nano.a(lib_a-init.o)
 .debug_line    0x0000000000009350      0x187 /Applications/ARM/bin/../lib/gcc/arm-none-eabi/11.2.1/../../../../arm-none-eabi/lib/thumb/v7e-m+fp/hard/libc_nano.a(lib_a-memset.o)
 .debug_line    0x00000000000094d7       0x4e /Applications/ARM/bin/../lib/gcc/arm-none-eabi/11.2.1/thumb/v7e-m+fp/hard/libgcc.a(_aeabi_uldivmod.o)
 .debug_line    0x0000000000009525      0x5ed /Applications/ARM/bin/../lib/gcc/arm-none-eabi/11.2.1/thumb/v7e-m+fp/hard/libgcc.a(_udivmoddi4.o)
 .debug_line    0x0000000000009b12       0x4a /Applications/ARM/bin/../lib/gcc/arm-none-eabi/11.2.1/thumb/v7e-m+fp/hard/libgcc.a(_dvmd_tls.o)

.debug_str      0x0000000000000000     0x3ea5
 .debug_str     0x0000000000000000      0x348 build/main.o
                                        0x3a8 (size before relaxing)
 .debug_str     0x0000000000000348      0x188 build/sys_config.o
                                        0x468 (size before relaxing)
 .debug_str     0x00000000000004d0       0x79 build/serial.o
                                        0x247 (size before relaxing)
 .debug_str     0x0000000000000549      0x46b build/stm32f4xx_it.o
                                        0x624 (size before relaxing)
 .debug_str     0x00000000000009b4       0x26 build/stm32f4xx_hal_msp.o
                                        0x2ac (size before relaxing)
 .debug_str     0x00000000000009da      0x418 build/usb_device.o
                                        0x6ad (size before relaxing)
 .debug_str     0x0000000000000df2      0x187 build/usbd_desc.o
                                        0x446 (size before relaxing)
 .debug_str     0x0000000000000f79      0x145 build/usbd_cdc_if.o
                                        0x7a0 (size before relaxing)
 .debug_str     0x00000000000010be      0x91a build/usbd_conf.o
                                       0x144f (size before relaxing)
 .debug_str     0x00000000000019d8      0x5fa build/stm32f4xx_hal_pcd.o
                                        0xdd1 (size before relaxing)
 .debug_str     0x0000000000001fd2      0x118 build/stm32f4xx_hal_pcd_ex.o
                                        0x70e (size before relaxing)
 .debug_str     0x00000000000020ea      0x43b build/stm32f4xx_ll_usb.o
                                        0xc87 (size before relaxing)
 .debug_str     0x0000000000002525      0x221 build/stm32f4xx_hal_rcc.o
                                        0x700 (size before relaxing)
 .debug_str     0x0000000000002746      0x13c build/stm32f4xx_hal_gpio.o
                                        0x4da (size before relaxing)
 .debug_str     0x0000000000002882      0x482 build/stm32f4xx_hal_cortex.o
                                        0xab2 (size before relaxing)
 .debug_str     0x0000000000002d04      0x29b build/stm32f4xx_hal.o
                                        0x9fc (size before relaxing)
 .debug_str     0x0000000000002f9f       0x44 build/system_stm32f4xx.o
                                        0x366 (size before relaxing)
 .debug_str     0x0000000000002fe3      0x281 build/usbd_core.o
                                        0x9bf (size before relaxing)
 .debug_str     0x0000000000003264      0x10f build/usbd_ctlreq.o
                                        0x7ea (size before relaxing)
 .debug_str     0x0000000000003373       0x66 build/usbd_ioreq.o
                                        0x6bf (size before relaxing)
 .debug_str     0x00000000000033d9      0x1a9 build/usbd_cdc.o
                                        0xd62 (size before relaxing)
 .debug_str     0x0000000000003582       0x28 build/startup_stm32f401xc.o
                                         0x5a (size before relaxing)
 .debug_str     0x00000000000035aa      0x1de /Applications/ARM/bin/../lib/gcc/arm-none-eabi/11.2.1/../../../../arm-none-eabi/lib/thumb/v7e-m+fp/hard/libc_nano.a(lib_a-init.o)
                                        0x280 (size before relaxing)
 .debug_str     0x0000000000003788       0xf1 /Applications/ARM/bin/../lib/gcc/arm-none-eabi/11.2.1/../../../../arm-none-eabi/lib/thumb/v7e-m+fp/hard/libc_nano.a(lib_a-memset.o)
                                        0x221 (size before relaxing)
 .debug_str     0x0000000000003879       0x83 /Applications/ARM/bin/../lib/gcc/arm-none-eabi/11.2.1/thumb/v7e-m+fp/hard/libgcc.a(_aeabi_uldivmod.o)
                                         0x8f (size before relaxing)
 .debug_str     0x00000000000038fc      0x59d /Applications/ARM/bin/../lib/gcc/arm-none-eabi/11.2.1/thumb/v7e-m+fp/hard/libgcc.a(_udivmoddi4.o)
                                        0x6ad (size before relaxing)
 .debug_str     0x0000000000003e99        0xc /Applications/ARM/bin/../lib/gcc/arm-none-eabi/11.2.1/thumb/v7e-m+fp/hard/libgcc.a(_dvmd_tls.o)
                                         0x93 (size before relaxing)

.debug_frame    0x0000000000000000     0x1b14
 .debug_frame   0x0000000000000000       0x44 build/main.o
 .debug_frame   0x0000000000000044       0x40 build/sys_config.o
 .debug_frame   0x0000000000000084       0x54 build/serial.o
 .debug_frame   0x00000000000000d8       0xc0 build/stm32f4xx_it.o
 .debug_frame   0x0000000000000198       0x28 build/stm32f4xx_hal_msp.o
 .debug_frame   0x00000000000001c0       0x28 build/usb_device.o
 .debug_frame   0x00000000000001e8       0xe0 build/usbd_desc.o
 .debug_frame   0x00000000000002c8       0x8c build/usbd_cdc_if.o
 .debug_frame   0x0000000000000354      0x2e4 build/usbd_conf.o
 .debug_frame   0x0000000000000638      0x388 build/stm32f4xx_hal_pcd.o
 .debug_frame   0x00000000000009c0       0x5c build/stm32f4xx_hal_pcd_ex.o
 .debug_frame   0x0000000000000a1c      0x49c build/stm32f4xx_ll_usb.o
 .debug_frame   0x0000000000000eb8      0x16c build/stm32f4xx_hal_rcc.o
 .debug_frame   0x0000000000001024       0xd8 build/stm32f4xx_hal_gpio.o
 .debug_frame   0x00000000000010fc      0x148 build/stm32f4xx_hal_cortex.o
 .debug_frame   0x0000000000001244      0x1ec build/stm32f4xx_hal.o
 .debug_frame   0x0000000000001430       0x30 build/system_stm32f4xx.o
 .debug_frame   0x0000000000001460      0x240 build/usbd_core.o
 .debug_frame   0x00000000000016a0      0x180 build/usbd_ctlreq.o
 .debug_frame   0x0000000000001820       0xb8 build/usbd_ioreq.o
 .debug_frame   0x00000000000018d8      0x190 build/usbd_cdc.o
 .debug_frame   0x0000000000001a68       0x2c /Applications/ARM/bin/../lib/gcc/arm-none-eabi/11.2.1/../../../../arm-none-eabi/lib/thumb/v7e-m+fp/hard/libc_nano.a(lib_a-init.o)
 .debug_frame   0x0000000000001a94       0x20 /Applications/ARM/bin/../lib/gcc/arm-none-eabi/11.2.1/../../../../arm-none-eabi/lib/thumb/v7e-m+fp/hard/libc_nano.a(lib_a-memset.o)
 .debug_frame   0x0000000000001ab4       0x2c /Applications/ARM/bin/../lib/gcc/arm-none-eabi/11.2.1/thumb/v7e-m+fp/hard/libgcc.a(_aeabi_uldivmod.o)
 .debug_frame   0x0000000000001ae0       0x34 /Applications/ARM/bin/../lib/gcc/arm-none-eabi/11.2.1/thumb/v7e-m+fp/hard/libgcc.a(_udivmoddi4.o)

.debug_loclists
                0x0000000000000000      0xb9a
 .debug_loclists
                0x0000000000000000       0x44 /Applications/ARM/bin/../lib/gcc/arm-none-eabi/11.2.1/../../../../arm-none-eabi/lib/thumb/v7e-m+fp/hard/libc_nano.a(lib_a-init.o)
 .debug_loclists
                0x0000000000000044       0x47 /Applications/ARM/bin/../lib/gcc/arm-none-eabi/11.2.1/../../../../arm-none-eabi/lib/thumb/v7e-m+fp/hard/libc_nano.a(lib_a-memset.o)
 .debug_loclists
                0x000000000000008b      0xb0f /Applications/ARM/bin/../lib/gcc/arm-none-eabi/11.2.1/thumb/v7e-m+fp/hard/libgcc.a(_udivmoddi4.o)

.debug_rnglists
                0x0000000000000000       0xb8
 .debug_rnglists
                0x0000000000000000       0x13 /Applications/ARM/bin/../lib/gcc/arm-none-eabi/11.2.1/../../../../arm-none-eabi/lib/thumb/v7e-m+fp/hard/libc_nano.a(lib_a-init.o)
 .debug_rnglists
                0x0000000000000013       0x13 /Applications/ARM/bin/../lib/gcc/arm-none-eabi/11.2.1/../../../../arm-none-eabi/lib/thumb/v7e-m+fp/hard/libc_nano.a(lib_a-memset.o)
 .debug_rnglists
                0x0000000000000026       0x92 /Applications/ARM/bin/../lib/gcc/arm-none-eabi/11.2.1/thumb/v7e-m+fp/hard/libgcc.a(_udivmoddi4.o)

.debug_line_str
                0x0000000000000000       0x63
 .debug_line_str
                0x0000000000000000       0x57 /Applications/ARM/bin/../lib/gcc/arm-none-eabi/11.2.1/thumb/v7e-m+fp/hard/libgcc.a(_aeabi_uldivmod.o)
                                         0xae (size before relaxing)
 .debug_line_str
                0x0000000000000057        0xc /Applications/ARM/bin/../lib/gcc/arm-none-eabi/11.2.1/thumb/v7e-m+fp/hard/libgcc.a(_dvmd_tls.o)
                                         0xb6 (size before relaxing)

Cross Reference Table

Symbol                                            File
ADC_IRQHandler                                    build/startup_stm32f401xc.o
AHBPrescTable                                     build/system_stm32f4xx.o
                                                  build/stm32f4xx_hal_rcc.o
APBPrescTable                                     build/system_stm32f4xx.o
                                                  build/stm32f4xx_hal_rcc.o
BusFault_Handler                                  build/stm32f4xx_it.o
CDC_Transmit_FS                                   build/usbd_cdc_if.o
                                                  build/serial.o
DMA1_Stream0_IRQHandler                           build/startup_stm32f401xc.o
DMA1_Stream1_IRQHandler                           build/startup_stm32f401xc.o
DMA1_Stream2_IRQHandler                           build/startup_stm32f401xc.o
DMA1_Stream3_IRQHandler                           build/startup_stm32f401xc.o
DMA1_Stream4_IRQHandler                           build/startup_stm32f401xc.o
DMA1_Stream5_IRQHandler                           build/startup_stm32f401xc.o
DMA1_Stream6_IRQHandler                           build/startup_stm32f401xc.o
DMA1_Stream7_IRQHandler                           build/startup_stm32f401xc.o
DMA2_Stream0_IRQHandler                           build/startup_stm32f401xc.o
DMA2_Stream1_IRQHandler                           build/startup_stm32f401xc.o
DMA2_Stream2_IRQHandler                           build/startup_stm32f401xc.o
DMA2_Stream3_IRQHandler                           build/startup_stm32f401xc.o
DMA2_Stream4_IRQHandler                           build/startup_stm32f401xc.o
DMA2_Stream5_IRQHandler                           build/startup_stm32f401xc.o
DMA2_Stream6_IRQHandler                           build/startup_stm32f401xc.o
DMA2_Stream7_IRQHandler                           build/startup_stm32f401xc.o
DebugMon_Handler                                  build/stm32f4xx_it.o
Default_Handler                                   build/startup_stm32f401xc.o
DrunkSerialInterrupt                              build/serial.o
                                                  build/usbd_cdc_if.o
DrunkSerialRead                                   build/serial.o
                                                  build/usbd_cdc_if.o
DrunkSerialWrite                                  build/serial.o
EXTI0_IRQHandler                                  build/startup_stm32f401xc.o
EXTI15_10_IRQHandler                              build/startup_stm32f401xc.o
EXTI1_IRQHandler                                  build/startup_stm32f401xc.o
EXTI2_IRQHandler                                  build/startup_stm32f401xc.o
EXTI3_IRQHandler                                  build/startup_stm32f401xc.o
EXTI4_IRQHandler                                  build/startup_stm32f401xc.o
EXTI9_5_IRQHandler                                build/startup_stm32f401xc.o
Error_Handler                                     build/sys_config.o
                                                  build/usbd_conf.o
                                                  build/usb_device.o
FLASH_Erase_Sector                                build/stm32f4xx_hal_flash_ex.o
                                                  build/stm32f4xx_hal_flash.o
FLASH_FlushCaches                                 build/stm32f4xx_hal_flash_ex.o
                                                  build/stm32f4xx_hal_flash.o
FLASH_IRQHandler                                  build/startup_stm32f401xc.o
FLASH_WaitForLastOperation                        build/stm32f4xx_hal_flash.o
                                                  build/stm32f4xx_hal_flash_ex.o
FPU_IRQHandler                                    build/startup_stm32f401xc.o
FS_Desc                                           build/usbd_desc.o
                                                  build/usb_device.o
HAL_DBGMCU_DisableDBGSleepMode                    build/stm32f4xx_hal.o
HAL_DBGMCU_DisableDBGStandbyMode                  build/stm32f4xx_hal.o
HAL_DBGMCU_DisableDBGStopMode                     build/stm32f4xx_hal.o
HAL_DBGMCU_EnableDBGSleepMode                     build/stm32f4xx_hal.o
HAL_DBGMCU_EnableDBGStandbyMode                   build/stm32f4xx_hal.o
HAL_DBGMCU_EnableDBGStopMode                      build/stm32f4xx_hal.o
HAL_DMAEx_ChangeMemory                            build/stm32f4xx_hal_dma_ex.o
HAL_DMAEx_MultiBufferStart                        build/stm32f4xx_hal_dma_ex.o
HAL_DMAEx_MultiBufferStart_IT                     build/stm32f4xx_hal_dma_ex.o
HAL_DMA_Abort                                     build/stm32f4xx_hal_dma.o
HAL_DMA_Abort_IT                                  build/stm32f4xx_hal_dma.o
HAL_DMA_DeInit                                    build/stm32f4xx_hal_dma.o
HAL_DMA_GetError                                  build/stm32f4xx_hal_dma.o
HAL_DMA_GetState                                  build/stm32f4xx_hal_dma.o
HAL_DMA_IRQHandler                                build/stm32f4xx_hal_dma.o
HAL_DMA_Init                                      build/stm32f4xx_hal_dma.o
HAL_DMA_PollForTransfer                           build/stm32f4xx_hal_dma.o
HAL_DMA_RegisterCallback                          build/stm32f4xx_hal_dma.o
HAL_DMA_Start                                     build/stm32f4xx_hal_dma.o
HAL_DMA_Start_IT                                  build/stm32f4xx_hal_dma.o
HAL_DMA_UnRegisterCallback                        build/stm32f4xx_hal_dma.o
HAL_DeInit                                        build/stm32f4xx_hal.o
HAL_Delay                                         build/stm32f4xx_hal.o
                                                  build/stm32f4xx_ll_usb.o
                                                  build/usbd_conf.o
                                                  build/main.o
HAL_DisableCompensationCell                       build/stm32f4xx_hal.o
HAL_EXTI_ClearConfigLine                          build/stm32f4xx_hal_exti.o
HAL_EXTI_ClearPending                             build/stm32f4xx_hal_exti.o
HAL_EXTI_GenerateSWI                              build/stm32f4xx_hal_exti.o
HAL_EXTI_GetConfigLine                            build/stm32f4xx_hal_exti.o
HAL_EXTI_GetHandle                                build/stm32f4xx_hal_exti.o
HAL_EXTI_GetPending                               build/stm32f4xx_hal_exti.o
HAL_EXTI_IRQHandler                               build/stm32f4xx_hal_exti.o
HAL_EXTI_RegisterCallback                         build/stm32f4xx_hal_exti.o
HAL_EXTI_SetConfigLine                            build/stm32f4xx_hal_exti.o
HAL_EnableCompensationCell                        build/stm32f4xx_hal.o
HAL_FLASHEx_AdvOBGetConfig                        build/stm32f4xx_hal_flash_ex.o
HAL_FLASHEx_AdvOBProgram                          build/stm32f4xx_hal_flash_ex.o
HAL_FLASHEx_Erase                                 build/stm32f4xx_hal_flash_ex.o
HAL_FLASHEx_Erase_IT                              build/stm32f4xx_hal_flash_ex.o
HAL_FLASHEx_OBGetConfig                           build/stm32f4xx_hal_flash_ex.o
HAL_FLASHEx_OBProgram                             build/stm32f4xx_hal_flash_ex.o
HAL_FLASHEx_OB_DeSelectPCROP                      build/stm32f4xx_hal_flash_ex.o
HAL_FLASHEx_OB_SelectPCROP                        build/stm32f4xx_hal_flash_ex.o
HAL_FLASH_EndOfOperationCallback                  build/stm32f4xx_hal_flash.o
HAL_FLASH_GetError                                build/stm32f4xx_hal_flash.o
HAL_FLASH_IRQHandler                              build/stm32f4xx_hal_flash.o
HAL_FLASH_Lock                                    build/stm32f4xx_hal_flash.o
HAL_FLASH_OB_Launch                               build/stm32f4xx_hal_flash.o
HAL_FLASH_OB_Lock                                 build/stm32f4xx_hal_flash.o
HAL_FLASH_OB_Unlock                               build/stm32f4xx_hal_flash.o
HAL_FLASH_OperationErrorCallback                  build/stm32f4xx_hal_flash.o
HAL_FLASH_Program                                 build/stm32f4xx_hal_flash.o
HAL_FLASH_Program_IT                              build/stm32f4xx_hal_flash.o
HAL_FLASH_Unlock                                  build/stm32f4xx_hal_flash.o
HAL_GPIO_DeInit                                   build/stm32f4xx_hal_gpio.o
                                                  build/usbd_conf.o
HAL_GPIO_EXTI_Callback                            build/stm32f4xx_hal_gpio.o
HAL_GPIO_EXTI_IRQHandler                          build/stm32f4xx_hal_gpio.o
HAL_GPIO_Init                                     build/stm32f4xx_hal_gpio.o
                                                  build/stm32f4xx_hal_rcc.o
                                                  build/usbd_conf.o
                                                  build/main.o
HAL_GPIO_LockPin                                  build/stm32f4xx_hal_gpio.o
HAL_GPIO_ReadPin                                  build/stm32f4xx_hal_gpio.o
HAL_GPIO_TogglePin                                build/stm32f4xx_hal_gpio.o
HAL_GPIO_WritePin                                 build/stm32f4xx_hal_gpio.o
HAL_GetDEVID                                      build/stm32f4xx_hal.o
HAL_GetHalVersion                                 build/stm32f4xx_hal.o
HAL_GetREVID                                      build/stm32f4xx_hal.o
HAL_GetTick                                       build/stm32f4xx_hal.o
                                                  build/stm32f4xx_hal_pwr_ex.o
                                                  build/stm32f4xx_hal_dma.o
                                                  build/stm32f4xx_hal_flash.o
                                                  build/stm32f4xx_hal_rcc_ex.o
                                                  build/stm32f4xx_hal_rcc.o
HAL_GetTickFreq                                   build/stm32f4xx_hal.o
HAL_GetTickPrio                                   build/stm32f4xx_hal.o
HAL_GetUIDw0                                      build/stm32f4xx_hal.o
HAL_GetUIDw1                                      build/stm32f4xx_hal.o
HAL_GetUIDw2                                      build/stm32f4xx_hal.o
HAL_IncTick                                       build/stm32f4xx_hal.o
                                                  build/stm32f4xx_it.o
HAL_Init                                          build/stm32f4xx_hal.o
                                                  build/main.o
HAL_InitTick                                      build/stm32f4xx_hal.o
                                                  build/stm32f4xx_hal_rcc_ex.o
                                                  build/stm32f4xx_hal_rcc.o
HAL_MPU_ConfigRegion                              build/stm32f4xx_hal_cortex.o
HAL_MPU_Disable                                   build/stm32f4xx_hal_cortex.o
HAL_MPU_Enable                                    build/stm32f4xx_hal_cortex.o
HAL_MspDeInit                                     build/stm32f4xx_hal.o
HAL_MspInit                                       build/stm32f4xx_hal_msp.o
HAL_NVIC_ClearPendingIRQ                          build/stm32f4xx_hal_cortex.o
HAL_NVIC_DisableIRQ                               build/stm32f4xx_hal_cortex.o
                                                  build/usbd_conf.o
HAL_NVIC_EnableIRQ                                build/stm32f4xx_hal_cortex.o
                                                  build/usbd_conf.o
HAL_NVIC_GetActive                                build/stm32f4xx_hal_cortex.o
HAL_NVIC_GetPendingIRQ                            build/stm32f4xx_hal_cortex.o
HAL_NVIC_GetPriority                              build/stm32f4xx_hal_cortex.o
HAL_NVIC_GetPriorityGrouping                      build/stm32f4xx_hal_cortex.o
HAL_NVIC_SetPendingIRQ                            build/stm32f4xx_hal_cortex.o
HAL_NVIC_SetPriority                              build/stm32f4xx_hal_cortex.o
                                                  build/stm32f4xx_hal.o
                                                  build/usbd_conf.o
HAL_NVIC_SetPriorityGrouping                      build/stm32f4xx_hal_cortex.o
                                                  build/stm32f4xx_hal.o
HAL_NVIC_SystemReset                              build/stm32f4xx_hal_cortex.o
HAL_PCDEx_BCD_Callback                            build/stm32f4xx_hal_pcd_ex.o
HAL_PCDEx_LPM_Callback                            build/stm32f4xx_hal_pcd_ex.o
                                                  build/stm32f4xx_hal_pcd.o
HAL_PCDEx_SetRxFiFo                               build/stm32f4xx_hal_pcd_ex.o
                                                  build/usbd_conf.o
HAL_PCDEx_SetTxFiFo                               build/stm32f4xx_hal_pcd_ex.o
                                                  build/usbd_conf.o
HAL_PCD_ActivateRemoteWakeup                      build/stm32f4xx_hal_pcd.o
HAL_PCD_ConnectCallback                           build/usbd_conf.o
HAL_PCD_DataInStageCallback                       build/usbd_conf.o
HAL_PCD_DataOutStageCallback                      build/usbd_conf.o
HAL_PCD_DeActivateRemoteWakeup                    build/stm32f4xx_hal_pcd.o
HAL_PCD_DeInit                                    build/stm32f4xx_hal_pcd.o
                                                  build/usbd_conf.o
HAL_PCD_DevConnect                                build/stm32f4xx_hal_pcd.o
HAL_PCD_DevDisconnect                             build/stm32f4xx_hal_pcd.o
HAL_PCD_DisconnectCallback                        build/usbd_conf.o
HAL_PCD_EP_Abort                                  build/stm32f4xx_hal_pcd.o
HAL_PCD_EP_Close                                  build/stm32f4xx_hal_pcd.o
                                                  build/usbd_conf.o
HAL_PCD_EP_ClrStall                               build/stm32f4xx_hal_pcd.o
                                                  build/usbd_conf.o
HAL_PCD_EP_Flush                                  build/stm32f4xx_hal_pcd.o
                                                  build/usbd_conf.o
HAL_PCD_EP_GetRxCount                             build/stm32f4xx_hal_pcd.o
                                                  build/usbd_conf.o
HAL_PCD_EP_Open                                   build/stm32f4xx_hal_pcd.o
                                                  build/usbd_conf.o
HAL_PCD_EP_Receive                                build/stm32f4xx_hal_pcd.o
                                                  build/usbd_conf.o
HAL_PCD_EP_SetStall                               build/stm32f4xx_hal_pcd.o
                                                  build/usbd_conf.o
HAL_PCD_EP_Transmit                               build/stm32f4xx_hal_pcd.o
                                                  build/usbd_conf.o
HAL_PCD_GetState                                  build/stm32f4xx_hal_pcd.o
HAL_PCD_IRQHandler                                build/stm32f4xx_hal_pcd.o
                                                  build/stm32f4xx_it.o
HAL_PCD_ISOINIncompleteCallback                   build/usbd_conf.o
HAL_PCD_ISOOUTIncompleteCallback                  build/usbd_conf.o
HAL_PCD_Init                                      build/stm32f4xx_hal_pcd.o
                                                  build/usbd_conf.o
HAL_PCD_MspDeInit                                 build/usbd_conf.o
HAL_PCD_MspInit                                   build/usbd_conf.o
HAL_PCD_ResetCallback                             build/usbd_conf.o
HAL_PCD_ResumeCallback                            build/usbd_conf.o
HAL_PCD_SOFCallback                               build/usbd_conf.o
HAL_PCD_SetAddress                                build/stm32f4xx_hal_pcd.o
                                                  build/usbd_conf.o
HAL_PCD_SetTestMode                               build/stm32f4xx_hal_pcd.o
HAL_PCD_SetupStageCallback                        build/usbd_conf.o
HAL_PCD_Start                                     build/stm32f4xx_hal_pcd.o
                                                  build/usbd_conf.o
HAL_PCD_Stop                                      build/stm32f4xx_hal_pcd.o
                                                  build/usbd_conf.o
HAL_PCD_SuspendCallback                           build/usbd_conf.o
HAL_PCD_WKUP_IRQHandler                           build/stm32f4xx_hal_pcd.o
HAL_PWREx_ControlVoltageScaling                   build/stm32f4xx_hal_pwr_ex.o
HAL_PWREx_DisableBkUpReg                          build/stm32f4xx_hal_pwr_ex.o
HAL_PWREx_DisableFlashPowerDown                   build/stm32f4xx_hal_pwr_ex.o
HAL_PWREx_DisableLowRegulatorLowVoltage           build/stm32f4xx_hal_pwr_ex.o
HAL_PWREx_DisableMainRegulatorLowVoltage          build/stm32f4xx_hal_pwr_ex.o
HAL_PWREx_EnableBkUpReg                           build/stm32f4xx_hal_pwr_ex.o
HAL_PWREx_EnableFlashPowerDown                    build/stm32f4xx_hal_pwr_ex.o
HAL_PWREx_EnableLowRegulatorLowVoltage            build/stm32f4xx_hal_pwr_ex.o
HAL_PWREx_EnableMainRegulatorLowVoltage           build/stm32f4xx_hal_pwr_ex.o
HAL_PWREx_GetVoltageRange                         build/stm32f4xx_hal_pwr_ex.o
HAL_PWR_ConfigPVD                                 build/stm32f4xx_hal_pwr.o
HAL_PWR_DeInit                                    build/stm32f4xx_hal_pwr.o
HAL_PWR_DisableBkUpAccess                         build/stm32f4xx_hal_pwr.o
HAL_PWR_DisablePVD                                build/stm32f4xx_hal_pwr.o
HAL_PWR_DisableSEVOnPend                          build/stm32f4xx_hal_pwr.o
HAL_PWR_DisableSleepOnExit                        build/stm32f4xx_hal_pwr.o
HAL_PWR_DisableWakeUpPin                          build/stm32f4xx_hal_pwr.o
HAL_PWR_EnableBkUpAccess                          build/stm32f4xx_hal_pwr.o
HAL_PWR_EnablePVD                                 build/stm32f4xx_hal_pwr.o
HAL_PWR_EnableSEVOnPend                           build/stm32f4xx_hal_pwr.o
HAL_PWR_EnableSleepOnExit                         build/stm32f4xx_hal_pwr.o
HAL_PWR_EnableWakeUpPin                           build/stm32f4xx_hal_pwr.o
HAL_PWR_EnterSLEEPMode                            build/stm32f4xx_hal_pwr.o
HAL_PWR_EnterSTANDBYMode                          build/stm32f4xx_hal_pwr.o
HAL_PWR_EnterSTOPMode                             build/stm32f4xx_hal_pwr.o
HAL_PWR_PVDCallback                               build/stm32f4xx_hal_pwr.o
HAL_PWR_PVD_IRQHandler                            build/stm32f4xx_hal_pwr.o
HAL_RCCEx_DisablePLLI2S                           build/stm32f4xx_hal_rcc_ex.o
HAL_RCCEx_EnablePLLI2S                            build/stm32f4xx_hal_rcc_ex.o
HAL_RCCEx_GetPeriphCLKConfig                      build/stm32f4xx_hal_rcc_ex.o
HAL_RCCEx_GetPeriphCLKFreq                        build/stm32f4xx_hal_rcc_ex.o
HAL_RCCEx_PeriphCLKConfig                         build/stm32f4xx_hal_rcc_ex.o
HAL_RCC_CSSCallback                               build/stm32f4xx_hal_rcc.o
HAL_RCC_ClockConfig                               build/stm32f4xx_hal_rcc.o
                                                  build/sys_config.o
HAL_RCC_DeInit                                    build/stm32f4xx_hal_rcc_ex.o
                                                  build/stm32f4xx_hal_rcc.o
HAL_RCC_DisableCSS                                build/stm32f4xx_hal_rcc.o
HAL_RCC_EnableCSS                                 build/stm32f4xx_hal_rcc.o
HAL_RCC_GetClockConfig                            build/stm32f4xx_hal_rcc.o
HAL_RCC_GetHCLKFreq                               build/stm32f4xx_hal_rcc.o
                                                  build/stm32f4xx_hal_pcd.o
HAL_RCC_GetOscConfig                              build/stm32f4xx_hal_rcc.o
HAL_RCC_GetPCLK1Freq                              build/stm32f4xx_hal_rcc.o
HAL_RCC_GetPCLK2Freq                              build/stm32f4xx_hal_rcc.o
HAL_RCC_GetSysClockFreq                           build/stm32f4xx_hal_rcc.o
HAL_RCC_MCOConfig                                 build/stm32f4xx_hal_rcc.o
HAL_RCC_NMI_IRQHandler                            build/stm32f4xx_hal_rcc.o
HAL_RCC_OscConfig                                 build/stm32f4xx_hal_rcc.o
                                                  build/sys_config.o
HAL_ResumeTick                                    build/stm32f4xx_hal.o
HAL_SYSTICK_CLKSourceConfig                       build/stm32f4xx_hal_cortex.o
HAL_SYSTICK_Callback                              build/stm32f4xx_hal_cortex.o
HAL_SYSTICK_Config                                build/stm32f4xx_hal_cortex.o
                                                  build/stm32f4xx_hal.o
HAL_SYSTICK_IRQHandler                            build/stm32f4xx_hal_cortex.o
HAL_SetTickFreq                                   build/stm32f4xx_hal.o
HAL_SuspendTick                                   build/stm32f4xx_hal.o
HardFault_Handler                                 build/stm32f4xx_it.o
I2C1_ER_IRQHandler                                build/startup_stm32f401xc.o
I2C1_EV_IRQHandler                                build/startup_stm32f401xc.o
I2C2_ER_IRQHandler                                build/startup_stm32f401xc.o
I2C2_EV_IRQHandler                                build/startup_stm32f401xc.o
I2C3_ER_IRQHandler                                build/startup_stm32f401xc.o
I2C3_EV_IRQHandler                                build/startup_stm32f401xc.o
MX_USB_DEVICE_Init                                build/usb_device.o
                                                  build/main.o
MemManage_Handler                                 build/stm32f4xx_it.o
NMI_Handler                                       build/stm32f4xx_it.o
OTG_FS_IRQHandler                                 build/stm32f4xx_it.o
OTG_FS_WKUP_IRQHandler                            build/startup_stm32f401xc.o
PVD_IRQHandler                                    build/startup_stm32f401xc.o
PendSV_Handler                                    build/stm32f4xx_it.o
RCC_IRQHandler                                    build/startup_stm32f401xc.o